******************************************************************************
             TMS320C2000 Linker PC v18.12.1                    
******************************************************************************
>> Linked Wed Mar 27 21:11:39 2019

OUTPUT FILE NAME:   <Q16_FINGERPRINT_MOTOR_BEE_F2812_CCS8_0.out>
ENTRY POINT SYMBOL: "_c_int00"  address: 00101d23


MEMORY CONFIGURATION

         name            origin    length      used     unused   attr    fill
----------------------  --------  ---------  --------  --------  ----  --------
PAGE 0:
  RAMM0                 00000000   00000400  00000098  00000368  RWIX
  BEGIN                 003f8000   00000002  00000002  00000000  RWIX
  PRAMH0                003f8002   00000ffe  00000033  00000fcb  RWIX
  RESET                 003fffc0   00000002  00000000  00000002  RWIX

PAGE 1:
  RAMM1                 00000400   00000400  00000400  00000000  RWIX
  DEV_EMU               00000880   00000180  000000d0  000000b0  RWIX
  FLASH_REGS            00000a80   00000060  00000008  00000058  RWIX
  CSM                   00000ae0   00000010  00000010  00000000  RWIX
  XINTF                 00000b20   00000020  00000020  00000000  RWIX
  CPU_TIMER0            00000c00   00000008  00000008  00000000  RWIX
  CPU_TIMER1            00000c08   00000008  00000008  00000000  RWIX
  CPU_TIMER2            00000c10   00000008  00000008  00000000  RWIX
  PIE_CTRL              00000ce0   00000020  0000001a  00000006  RWIX
  PIE_VECT              00000d00   00000100  00000100  00000000  RWIX
  ECANA                 00006000   00000040  00000034  0000000c  RWIX
  ECANA_LAM             00006040   00000040  00000040  00000000  RWIX
  ECANA_MOTS            00006080   00000040  00000040  00000000  RWIX
  ECANA_MOTO            000060c0   00000040  00000040  00000000  RWIX
  ECANA_MBOX            00006100   00000100  00000100  00000000  RWIX
  SYSTEM                00007010   00000020  00000020  00000000  RWIX
  SPIA                  00007040   00000010  00000010  00000000  RWIX
  SCIA                  00007050   00000010  00000010  00000000  RWIX
  XINTRUPT              00007070   00000010  00000010  00000000  RWIX
  GPIOMUX               000070c0   00000020  00000020  00000000  RWIX
  GPIODAT               000070e0   00000020  00000020  00000000  RWIX
  ADC                   00007100   00000020  0000001a  00000006  RWIX
  EVA                   00007400   00000040  00000032  0000000e  RWIX
  EVB                   00007500   00000040  00000032  0000000e  RWIX
  SCIB                  00007750   00000010  00000010  00000000  RWIX
  MCBSPA                00007800   00000040  00000025  0000001b  RWIX
  DRAMH1                00100000   0000ffff  000022e3  0000dd1c  RWIX
  CSM_PWL               003f7ff8   00000008  00000008  00000000  RWIX
  DRAMH0                003f9000   00001000  000007ea  00000816  RWIX


SECTION ALLOCATION MAP

 output                                  attributes/
section   page    origin      length       input sections
--------  ----  ----------  ----------   ----------------
csm_rsvd   0    00000018    00000076     
                  00000018    00000076     DSP281x_CSMPasswords.obj (csm_rsvd)

codestart 
*          0    003f8000    00000002     
                  003f8000    00000002     DSP281x_CodeStartBranch.obj (codestart)

.cinit     0    003f8002    0000002f     
                  003f8002    0000000e     rts2800_ml.lib : exit.c.obj (.cinit)
                  003f8010    00000009     motor.obj (.cinit)
                  003f8019    00000008     main.obj (.cinit)
                  003f8021    00000005     rts2800_ml.lib : _lock.c.obj (.cinit:__lock)
                  003f8026    00000005                    : _lock.c.obj (.cinit:__unlock)
                  003f802b    00000004                    : errno.c.obj (.cinit)
                  003f802f    00000002     --HOLE-- [fill = 0]

ramfuncs   0    003f8031    00000004     
                  003f8031    00000004     DSP281x_usDelay.obj (ramfuncs)

DevEmuRegsFile 
*          1    00000880    000000d0     UNINITIALIZED
                  00000880    000000d0     DSP281x_GlobalVariableDefs.obj (DevEmuRegsFile)

FlashRegsFile 
*          1    00000a80    00000008     UNINITIALIZED
                  00000a80    00000008     DSP281x_GlobalVariableDefs.obj (FlashRegsFile)

CsmRegsFile 
*          1    00000ae0    00000010     UNINITIALIZED
                  00000ae0    00000010     DSP281x_GlobalVariableDefs.obj (CsmRegsFile)

XintfRegsFile 
*          1    00000b20    00000020     UNINITIALIZED
                  00000b20    00000020     DSP281x_GlobalVariableDefs.obj (XintfRegsFile)

CpuTimer0RegsFile 
*          1    00000c00    00000008     UNINITIALIZED
                  00000c00    00000008     DSP281x_GlobalVariableDefs.obj (CpuTimer0RegsFile)

CpuTimer1RegsFile 
*          1    00000c08    00000008     UNINITIALIZED
                  00000c08    00000008     DSP281x_GlobalVariableDefs.obj (CpuTimer1RegsFile)

CpuTimer2RegsFile 
*          1    00000c10    00000008     UNINITIALIZED
                  00000c10    00000008     DSP281x_GlobalVariableDefs.obj (CpuTimer2RegsFile)

PieCtrlRegsFile 
*          1    00000ce0    0000001a     UNINITIALIZED
                  00000ce0    0000001a     DSP281x_GlobalVariableDefs.obj (PieCtrlRegsFile)

PieVectTableFile 
*          1    00000d00    00000100     UNINITIALIZED
                  00000d00    00000100     DSP281x_GlobalVariableDefs.obj (PieVectTableFile)

ECanaRegsFile 
*          1    00006000    00000034     UNINITIALIZED
                  00006000    00000034     DSP281x_GlobalVariableDefs.obj (ECanaRegsFile)

ECanaLAMRegsFile 
*          1    00006040    00000040     UNINITIALIZED
                  00006040    00000040     DSP281x_GlobalVariableDefs.obj (ECanaLAMRegsFile)

ECanaMOTSRegsFile 
*          1    00006080    00000040     UNINITIALIZED
                  00006080    00000040     DSP281x_GlobalVariableDefs.obj (ECanaMOTSRegsFile)

ECanaMOTORegsFile 
*          1    000060c0    00000040     UNINITIALIZED
                  000060c0    00000040     DSP281x_GlobalVariableDefs.obj (ECanaMOTORegsFile)

ECanaMboxesFile 
*          1    00006100    00000100     UNINITIALIZED
                  00006100    00000100     DSP281x_GlobalVariableDefs.obj (ECanaMboxesFile)

SysCtrlRegsFile 
*          1    00007010    00000020     UNINITIALIZED
                  00007010    00000020     DSP281x_GlobalVariableDefs.obj (SysCtrlRegsFile)

SpiaRegsFile 
*          1    00007040    00000010     UNINITIALIZED
                  00007040    00000010     DSP281x_GlobalVariableDefs.obj (SpiaRegsFile)

SciaRegsFile 
*          1    00007050    00000010     UNINITIALIZED
                  00007050    00000010     DSP281x_GlobalVariableDefs.obj (SciaRegsFile)

XIntruptRegsFile 
*          1    00007070    00000010     UNINITIALIZED
                  00007070    00000010     DSP281x_GlobalVariableDefs.obj (XIntruptRegsFile)

GpioMuxRegsFile 
*          1    000070c0    00000020     UNINITIALIZED
                  000070c0    00000020     DSP281x_GlobalVariableDefs.obj (GpioMuxRegsFile)

GpioDataRegsFile 
*          1    000070e0    00000020     UNINITIALIZED
                  000070e0    00000020     DSP281x_GlobalVariableDefs.obj (GpioDataRegsFile)

AdcRegsFile 
*          1    00007100    0000001a     UNINITIALIZED
                  00007100    0000001a     DSP281x_GlobalVariableDefs.obj (AdcRegsFile)

EvaRegsFile 
*          1    00007400    00000032     UNINITIALIZED
                  00007400    00000032     DSP281x_GlobalVariableDefs.obj (EvaRegsFile)

EvbRegsFile 
*          1    00007500    00000032     UNINITIALIZED
                  00007500    00000032     DSP281x_GlobalVariableDefs.obj (EvbRegsFile)

ScibRegsFile 
*          1    00007750    00000010     UNINITIALIZED
                  00007750    00000010     DSP281x_GlobalVariableDefs.obj (ScibRegsFile)

McbspaRegsFile 
*          1    00007800    00000025     UNINITIALIZED
                  00007800    00000025     DSP281x_GlobalVariableDefs.obj (McbspaRegsFile)

.text      1    00100000    00002200     
                  00100000    00000c97     rts2800_ml.lib : _printfi.c.obj (.text)
                  00100c97    0000087c     as608.obj (.text)
                  00101513    0000014f     DSP281x_DefaultIsr.obj (.text:retain)
                  00101662    0000013a     main.obj (.text)
                  0010179c    00000107     rts2800_ml.lib : ll_div28.asm.obj (.text)
                  001018a3    000000ac                    : s_scalbn.c.obj (.text)
                  0010194f    0000009c                    : fd_add28.asm.obj (.text)
                  001019eb    0000008b                    : fd_div28.asm.obj (.text)
                  00101a76    00000086     DSP281x_SysCtrl.obj (.text)
                  00101afc    00000084     sci.obj (.text)
                  00101b80    00000083     rts2800_ml.lib : fd_mpy28.asm.obj (.text)
                  00101c03    0000006a     DSP281x_CpuTimers.obj (.text)
                  00101c6d    0000005c     rts2800_ml.lib : s_frexp.c.obj (.text)
                  00101cc9    0000005a                    : fs_mpy28.asm.obj (.text)
                  00101d23    00000054                    : boot28.asm.obj (.text)
                  00101d77    0000004a     sci.obj (.text:retain)
                  00101dc1    0000003b     motor.obj (.text)
                  00101dfc    00000032     main.obj (.text:retain)
                  00101e2e    00000032     rts2800_ml.lib : sprintf.c.obj (.text)
                  00101e60    00000031                    : atoi.c.obj (.text)
                  00101e91    0000002e     motor.obj (.text:retain)
                  00101ebf    0000002e     rts2800_ml.lib : ltoa.c.obj (.text)
                  00101eed    0000002a                    : fd_cmp28.asm.obj (.text)
                  00101f17    0000002a                    : l_div28.asm.obj (.text)
                  00101f41    00000029                    : exit.c.obj (.text)
                  00101f6a    00000029                    : fs_tol28.asm.obj (.text)
                  00101f93    00000028     DSP281x_PieCtrl.obj (.text)
                  00101fbb    00000024     rts2800_ml.lib : cpy_tbl.c.obj (.text)
                  00101fdf    00000023                    : s_copysign.c.obj (.text)
                  00102002    00000021                    : fd_toi28.asm.obj (.text)
                  00102023    00000020     DSP281x_PieVect.obj (.text)
                  00102043    0000001f     rts2800_ml.lib : fd_tol28.asm.obj (.text)
                  00102062    0000001e                    : ll_cmp28.asm.obj (.text)
                  00102080    0000001d                    : i_tofd28.asm.obj (.text)
                  0010209d    0000001d                    : memcpy.c.obj (.text)
                  001020ba    0000001c                    : fs_tofd28.asm.obj (.text)
                  001020d6    0000001c                    : l_tofd28.asm.obj (.text)
                  001020f2    0000001a                    : i_tofs28.asm.obj (.text)
                  0010210c    0000001a                    : l_tofs28.asm.obj (.text)
                  00102126    00000019                    : args_main.c.obj (.text)
                  0010213f    00000018                    : ll_aox28.asm.obj (.text)
                  00102157    00000017                    : fs_cmp28.asm.obj (.text)
                  0010216e    00000016                    : strstr.c.obj (.text)
                  00102184    0000000e                    : fd_sub28.asm.obj (.text)
                  00102192    0000000d     DSP281x_Gpio.obj (.text)
                  0010219f    0000000d     rts2800_ml.lib : memccpy.c.obj (.text)
                  001021ac    0000000c                    : memset.c.obj (.text)
                  001021b8    0000000b                    : strchr.c.obj (.text)
                  001021c3    00000009                    : _lock.c.obj (.text)
                  001021cc    00000009                    : fd_neg28.asm.obj (.text)
                  001021d5    00000008     DSP281x_CodeStartBranch.obj (.text)
                  001021dd    00000008     DSP281x_XintfBootReset.obj (.text)
                  001021e5    00000008     rts2800_ml.lib : strlen.c.obj (.text)
                  001021ed    00000008                    : wcslen.c.obj (.text)
                  001021f5    00000005                    : strcpy.c.obj (.text)
                  001021fa    00000003     DSP281x_DBGIER.obj (.text)
                  001021fd    00000002     rts2800_ml.lib : pre_init.c.obj (.text)
                  001021ff    00000001                    : startup.c.obj (.text)

CsmPwlFile 
*          1    003f7ff8    00000008     UNINITIALIZED
                  003f7ff8    00000008     DSP281x_GlobalVariableDefs.obj (CsmPwlFile)

.pinit     0    003f8002    00000000     UNINITIALIZED

.switch    0    00000000    00000018     
                  00000000    00000018     as608.obj (.switch:_as608_ensure_message)

.reset     0    003fffc0    00000002     DSECT
                  003fffc0    00000002     rts2800_ml.lib : boot28.asm.obj (.reset)

.stack     1    00000400    00000400     UNINITIALIZED
                  00000400    00000400     --HOLE--

.ebss      1    00102200    000000e3     UNINITIALIZED
                  00102200    000000bc     main.obj (.ebss)
                  001022bc    00000004     motor.obj (.ebss)
                  001022c0    00000018     DSP281x_CpuTimers.obj (.ebss)
                  001022d8    00000006     rts2800_ml.lib : exit.c.obj (.ebss)
                  001022de    00000002                    : _lock.c.obj (.ebss:__lock)
                  001022e0    00000002                    : _lock.c.obj (.ebss:__unlock)
                  001022e2    00000001                    : errno.c.obj (.ebss)

.econst    1    003f9000    000007ea     
                  003f9000    0000046c     as608.obj (.econst:.string)
                  003f946c    00000116     main.obj (.econst:.string)
                  003f9582    00000101     rts2800_ml.lib : ctype.c.obj (.econst:.string:__ctypes_)
                  003f9683    00000001     --HOLE-- [fill = 0]
                  003f9684    00000100     DSP281x_PieVect.obj (.econst:_PieVectTableInit)
                  003f9784    00000026     rts2800_ml.lib : _printfi.c.obj (.econst:.string)
                  003f97aa    0000001c                    : _printfi.c.obj (.econst)
                  003f97c6    0000001c                    : s_scalbn.c.obj (.econst)
                  003f97e2    00000008                    : s_frexp.c.obj (.econst)

csmpasswds 
*          0    0000008e    00000008     
                  0000008e    00000008     DSP281x_CSMPasswords.obj (csmpasswds)

reset_vec 
*          0    00000096    00000002     
                  00000096    00000002     DSP281x_XintfBootReset.obj (reset_vec)

MODULE SUMMARY

       Module                           code   initialized data   uninitialized data
       ------                           ----   ----------------   ------------------
    .\DSP281x_common\source\
       DSP281x_DefaultIsr.obj           335    0                  0                 
       DSP281x_PieVect.obj              32     256                0                 
       DSP281x_SysCtrl.obj              134    0                  0                 
       DSP281x_CpuTimers.obj            106    0                  24                
       DSP281x_CSMPasswords.obj         0      126                0                 
       DSP281x_PieCtrl.obj              40     0                  0                 
       DSP281x_Gpio.obj                 13     0                  0                 
       DSP281x_CodeStartBranch.obj      10     0                  0                 
       DSP281x_XintfBootReset.obj       8      2                  0                 
       DSP281x_usDelay.obj              4      0                  0                 
       DSP281x_DBGIER.obj               3      0                  0                 
    +--+--------------------------------+------+------------------+--------------------+
       Total:                           685    384                24                
                                                                                    
    .\DSP281x_headers\source\
       DSP281x_GlobalVariableDefs.obj   0      0                  1401              
    +--+--------------------------------+------+------------------+--------------------+
       Total:                           0      0                  1401              
                                                                                    
    .\src\
       as608.obj                        2172   1156               0                 
       main.obj                         364    286                188               
       sci.obj                          206    0                  0                 
       motor.obj                        105    9                  4                 
    +--+--------------------------------+------+------------------+--------------------+
       Total:                           2847   1451               192               
                                                                                    
    C:\opt\ti\ccs9\ccs\tools\compiler\ti-cgt-c2000_18.12.1.LTS\lib\rts2800_ml.lib
       _printfi.c.obj                   3223   66                 0                 
       ll_div28.asm.obj                 263    0                  0                 
       ctype.c.obj                      0      257                0                 
       s_scalbn.c.obj                   172    28                 0                 
       fd_add28.asm.obj                 156    0                  0                 
       fd_div28.asm.obj                 139    0                  0                 
       fd_mpy28.asm.obj                 131    0                  0                 
       s_frexp.c.obj                    92     8                  0                 
       fs_mpy28.asm.obj                 90     0                  0                 
       boot28.asm.obj                   84     0                  0                 
       exit.c.obj                       41     14                 6                 
       sprintf.c.obj                    50     0                  0                 
       atoi.c.obj                       49     0                  0                 
       ltoa.c.obj                       46     0                  0                 
       fd_cmp28.asm.obj                 42     0                  0                 
       l_div28.asm.obj                  42     0                  0                 
       fs_tol28.asm.obj                 41     0                  0                 
       cpy_tbl.c.obj                    36     0                  0                 
       s_copysign.c.obj                 35     0                  0                 
       fd_toi28.asm.obj                 33     0                  0                 
       fd_tol28.asm.obj                 31     0                  0                 
       ll_cmp28.asm.obj                 30     0                  0                 
       i_tofd28.asm.obj                 29     0                  0                 
       memcpy.c.obj                     29     0                  0                 
       fs_tofd28.asm.obj                28     0                  0                 
       l_tofd28.asm.obj                 28     0                  0                 
       i_tofs28.asm.obj                 26     0                  0                 
       l_tofs28.asm.obj                 26     0                  0                 
       args_main.c.obj                  25     0                  0                 
       ll_aox28.asm.obj                 24     0                  0                 
       _lock.c.obj                      9      10                 4                 
       fs_cmp28.asm.obj                 23     0                  0                 
       strstr.c.obj                     22     0                  0                 
       fd_sub28.asm.obj                 14     0                  0                 
       memccpy.c.obj                    13     0                  0                 
       memset.c.obj                     12     0                  0                 
       strchr.c.obj                     11     0                  0                 
       fd_neg28.asm.obj                 9      0                  0                 
       strlen.c.obj                     8      0                  0                 
       wcslen.c.obj                     8      0                  0                 
       errno.c.obj                      0      4                  1                 
       strcpy.c.obj                     5      0                  0                 
       pre_init.c.obj                   2      0                  0                 
       startup.c.obj                    1      0                  0                 
    +--+--------------------------------+------+------------------+--------------------+
       Total:                           5178   387                11                
                                                                                    
       Stack:                           0      0                  1024              
    +--+--------------------------------+------+------------------+--------------------+
       Grand Total:                     8710   2222               2652              


GLOBAL DATA SYMBOLS: SORTED BY DATA PAGE

address     data page           name
--------    ----------------    ----
00000400      10 (00000400)     __stack

00000880      22 (00000880)     _DevEmuRegs

00000a80      2a (00000a80)     _FlashRegs

00000ae0      2b (00000ac0)     _CsmRegs

00000b20      2c (00000b00)     _XintfRegs

00000c00      30 (00000c00)     _CpuTimer0Regs
00000c08      30 (00000c00)     _CpuTimer1Regs
00000c10      30 (00000c00)     _CpuTimer2Regs

00000ce0      33 (00000cc0)     _PieCtrlRegs

00000d00      34 (00000d00)     _PieVectTable

00006000     180 (00006000)     _ECanaRegs

00006040     181 (00006040)     _ECanaLAMRegs

00006080     182 (00006080)     _ECanaMOTSRegs

000060c0     183 (000060c0)     _ECanaMOTORegs

00006100     184 (00006100)     _ECanaMboxes

00007010     1c0 (00007000)     _SysCtrlRegs

00007040     1c1 (00007040)     _SpiaRegs
00007050     1c1 (00007040)     _SciaRegs
00007070     1c1 (00007040)     _XIntruptRegs

000070c0     1c3 (000070c0)     _GpioMuxRegs
000070e0     1c3 (000070c0)     _GpioDataRegs

00007100     1c4 (00007100)     _AdcRegs

00007400     1d0 (00007400)     _EvaRegs

00007500     1d4 (00007500)     _EvbRegs

00007750     1dd (00007740)     _ScibRegs

00007800     1e0 (00007800)     _McbspaRegs

00102200    4088 (00102200)     _rdata_pointA
00102201    4088 (00102200)     _rdata_pointB
00102202    4088 (00102200)     _open_flag
00102203    4088 (00102200)     _id_flag
00102204    4088 (00102200)     _as608_p

00102240    4089 (00102240)     _as608

001022bc    408a (00102280)     _error_count
001022be    408a (00102280)     _motor_counter

001022c0    408b (001022c0)     _CpuTimer0
001022c8    408b (001022c0)     _CpuTimer1
001022d0    408b (001022c0)     _CpuTimer2
001022d8    408b (001022c0)     ___TI_enable_exit_profile_output
001022da    408b (001022c0)     ___TI_cleanup_ptr
001022dc    408b (001022c0)     ___TI_dtors_ptr
001022de    408b (001022c0)     __lock
001022e0    408b (001022c0)     __unlock
001022e2    408b (001022c0)     _errno

003f7ff8    fdff (003f7fc0)     _CsmPwl

003f9582    fe56 (003f9580)     __ctypes_

003f9684    fe5a (003f9680)     _PieVectTableInit


GLOBAL SYMBOLS: SORTED ALPHABETICALLY BY Name 

page  address   name                            
----  -------   ----                            
1     00100000  .text                           
1     00101f41  C$$EXIT                         
1     0010194f  FD$$ADD                         
1     00101eed  FD$$CMP                         
1     001019eb  FD$$DIV                         
1     00101b80  FD$$MPY                         
1     001021cc  FD$$NEG                         
1     00102184  FD$$SUB                         
1     00102002  FD$$TOI                         
1     00102043  FD$$TOL                         
1     00102157  FS$$CMP                         
1     00101cc9  FS$$MPY                         
1     001020ba  FS$$TOFD                        
1     00101f6a  FS$$TOL                         
1     00102080  I$$TOFD                         
1     001020f2  I$$TOFS                         
1     00101f17  L$$DIV                          
1     00101f26  L$$MOD                          
1     001020d6  L$$TOFD                         
1     0010210c  L$$TOFS                         
1     0010213f  LL$$AND                         
1     00102062  LL$$CMP                         
1     0010179c  LL$$DIV                         
1     001017d8  LL$$MOD                         
1     00102147  LL$$OR                          
1     0010214f  LL$$XOR                         
1     00101f34  UL$$DIV                         
1     00101f3b  UL$$MOD                         
1     00102074  ULL$$CMP                        
1     00101812  ULL$$DIV                        
1     00101841  ULL$$MOD                        
1     00101586  _ADCINT_ISR                     
1     00100c97  _AS608_INIT                     
1     00007100  _AdcRegs                        
1     001015cc  _CAPINT1_ISR                    
1     001015d1  _CAPINT2_ISR                    
1     001015d6  _CAPINT3_ISR                    
1     00101612  _CAPINT4_ISR                    
1     00101617  _CAPINT5_ISR                    
1     0010161c  _CAPINT6_ISR                    
1     00101595  _CMP1INT_ISR                    
1     0010159a  _CMP2INT_ISR                    
1     0010159f  _CMP3INT_ISR                    
1     001015db  _CMP4INT_ISR                    
1     001015e0  _CMP5INT_ISR                    
1     001015e5  _CMP6INT_ISR                    
1     00101c3c  _ConfigCpuTimer                 
1     001022c0  _CpuTimer0                      
1     00000c00  _CpuTimer0Regs                  
1     001022c8  _CpuTimer1                      
1     00000c08  _CpuTimer1Regs                  
1     001022d0  _CpuTimer2                      
1     00000c10  _CpuTimer2Regs                  
1     003f7ff8  _CsmPwl                         
1     00000ae0  _CsmRegs                        
1     00101acb  _CsmUnlock                      
1     0010151d  _DATALOG_ISR                    
0     003f8031  _DSP28x_usDelay                 
1     00101763  _Delay                          
1     00000880  _DevEmuRegs                     
1     00101a88  _DisableDog                     
1     00101649  _ECAN0INTA_ISR                  
1     0010164e  _ECAN1INTA_ISR                  
1     00006040  _ECanaLAMRegs                   
1     000060c0  _ECanaMOTORegs                  
1     00006080  _ECanaMOTSRegs                  
1     00006100  _ECanaMboxes                    
1     00006000  _ECanaRegs                      
1     00101653  _EMPTY_ISR                      
1     00101527  _EMUINT_ISR                     
1     00101fb2  _EnableInterrupts               
1     00007400  _EvaRegs                        
1     00007500  _EvbRegs                        
1     00000a80  _FlashRegs                      
1     000070e0  _GpioDataRegs                   
1     000070c0  _GpioMuxRegs                    
1     00101531  _ILLEGAL_ISR                    
1     00101dc1  _INIT_MOTOR                     
1     00101513  _INT13_ISR                      
1     00101518  _INT14_ISR                      
1     00101c03  _InitCpuTimers                  
1     00102192  _InitGpio                       
1     00101ab1  _InitPeripheralClocks           
1     00101f93  _InitPieCtrl                    
1     00102023  _InitPieVectTable               
1     00101a90  _InitPll                        
1     00101a76  _InitSysCtrl                    
1     00101759  _Init_Bell                      
1     00101a7e  _KickDog                        
1     0010162b  _MRINTA_ISR                     
1     00101630  _MXINTA_ISR                     
1     00007800  _McbspaRegs                     
1     0010152c  _NMI_ISR                        
1     00101572  _PDPINTA_ISR                    
1     00101577  _PDPINTB_ISR                    
1     00101658  _PIE_RESERVED                   
1     00000ce0  _PieCtrlRegs                    
1     00000d00  _PieVectTable                   
1     003f9684  _PieVectTableInit               
1     00101522  _RTOSINT_ISR                    
1     00101635  _SCIRXINTA_ISR                  
1     0010163f  _SCIRXINTB_ISR                  
1     0010163a  _SCITXINTA_ISR                  
1     00101644  _SCITXINTB_ISR                  
1     00101afc  _SCI_INIT                       
1     00101621  _SPIRXINTA_ISR                  
1     00101626  _SPITXINTA_ISR                  
1     00007050  _SciaRegs                       
1     00007750  _ScibRegs                       
1     001021fa  _SetDBGIER                      
1     00007040  _SpiaRegs                       
1     00007010  _SysCtrlRegs                    
1     001015a9  _T1CINT_ISR                     
1     001015b3  _T1OFINT_ISR                    
1     001015a4  _T1PINT_ISR                     
1     001015ae  _T1UFINT_ISR                    
1     001015bd  _T2CINT_ISR                     
1     001015c7  _T2OFINT_ISR                    
1     001015b8  _T2PINT_ISR                     
1     001015c2  _T2UFINT_ISR                    
1     001015ef  _T3CINT_ISR                     
1     001015f9  _T3OFINT_ISR                    
1     001015ea  _T3PINT_ISR                     
1     001015f4  _T3UFINT_ISR                    
1     00101603  _T4CINT_ISR                     
1     0010160d  _T4OFINT_ISR                    
1     001015fe  _T4PINT_ISR                     
1     00101608  _T4UFINT_ISR                    
1     0010158b  _TINT0_ISR                      
1     00101563  _USER10_ISR                     
1     00101568  _USER11_ISR                     
1     0010156d  _USER12_ISR                     
1     00101536  _USER1_ISR                      
1     0010153b  _USER2_ISR                      
1     00101540  _USER3_ISR                      
1     00101545  _USER4_ISR                      
1     0010154a  _USER5_ISR                      
1     0010154f  _USER6_ISR                      
1     00101554  _USER7_ISR                      
1     00101559  _USER8_ISR                      
1     0010155e  _USER9_ISR                      
1     00101590  _WAKEINT_ISR                    
1     0010157c  _XINT1_ISR                      
1     00101581  _XINT2_ISR                      
1     00007070  _XIntruptRegs                   
1     00000b20  _XintfRegs                      
1     00000800  __STACK_END                     
abs   00000400  __STACK_SIZE                    
1     001022da  ___TI_cleanup_ptr               
1     001022dc  ___TI_dtors_ptr                 
1     001022d8  ___TI_enable_exit_profile_output
abs   ffffffff  ___TI_pprof_out_hndl            
1     00100b11  ___TI_printfi                   
abs   ffffffff  ___TI_prof_data_size            
abs   ffffffff  ___TI_prof_data_start           
abs   ffffffff  ___binit__                      
abs   ffffffff  ___c_args__                     
0     003f8002  ___cinit__                      
1     00102200  ___etext__                      
abs   ffffffff  ___pinit__                      
1     00100000  ___text__                       
1     00102126  __args_main                     
1     003f9582  __ctypes_                       
1     001022de  __lock                          
1     001021cb  __nop                           
1     001021c7  __register_lock                 
1     001021c3  __register_unlock               
1     00000400  __stack                         
1     001021ff  __system_post_cinit             
1     001021fd  __system_pre_init               
1     001022e0  __unlock                        
1     00101f41  _abort                          
1     0010177b  _alarm_voice                    
1     00102240  _as608                          
1     00101270  _as608_add_finger               
1     00100fea  _as608_dele_char                
1     00101055  _as608_empty                    
1     001013cf  _as608_ensure_message           
1     00100dc4  _as608_gen_char                 
1     00100d7f  _as608_get_image                
1     00101243  _as608_hand_shake               
1     00100ec6  _as608_high_speed_search        
1     00100d5c  _as608_init                     
1     00100e11  _as608_match                    
1     00102204  _as608_p                        
1     00100d67  _as608_pin_set                  
1     0010135b  _as608_press_finger             
1     00100d74  _as608_read_state               
1     001010f1  _as608_read_sys_para            
1     00100f47  _as608_reg_model                
1     00100d63  _as608_reset                    
1     00100e56  _as608_search                   
1     00101476  _as608_send_addr                
1     00100d53  _as608_send_byte                
1     001014a0  _as608_send_check               
1     0010149a  _as608_send_cmd                 
1     0010148a  _as608_send_flag                
1     0010146f  _as608_send_head                
1     00101490  _as608_send_length              
1     0010116e  _as608_set_addr                 
1     00100f8c  _as608_store_char               
1     001014aa  _as608_uart_process             
1     001011e8  _as608_valid_templete_num       
1     0010109a  _as608_write_reg                
1     00101e60  _atoi                           
1     00101d23  _c_int00                        
1     00101fbb  _copy_in                        
1     00101fdf  _copysignl                      
1     00101dfc  _cpu_timer0_isr                 
1     00101e91  _epwm1_isr                      
1     001022e2  _errno                          
1     00101b4d  _error                          
1     001022bc  _error_count                    
1     00101f43  _exit                           
1     00101c6d  _frexpl                         
1     00102203  _id_flag                        
1     00101dc6  _init_eva                       
1     001018a3  _ldexpl                         
1     00101ebf  _ltoa                           
1     00101662  _main                           
1     0010219f  _memccpy                        
1     0010209d  _memcpy                         
1     001021ac  _memset                         
1     001022be  _motor_counter                  
1     00101df1  _motor_set_backward             
1     00101de6  _motor_set_forward              
1     00101de2  _motor_set_stop                 
1     00102202  _open_flag                      
1     00102200  _rdata_pointA                   
1     00102201  _rdata_pointB                   
1     0010165d  _rsvd_ISR                       
1     001018a3  _scalbnl                        
1     00101d77  _sciaRxFifoIsr                  
1     00101b4f  _scia_fifo_init                 
1     00101b1b  _scia_msg                       
1     00101b0e  _scia_xmit                      
1     00101da8  _scibRxFifoIsr                  
1     00101b65  _scib_fifo_init                 
1     00101b3a  _scib_msg                       
1     00101b2e  _scib_xmit                      
1     00101e2e  _sprintf                        
1     001021b8  _strchr                         
1     001021f5  _strcpy                         
1     001021e5  _strlen                         
1     0010216e  _strstr                         
1     001021ed  _wcslen                         
abs   ffffffff  binit                           
0     003f8002  cinit                           
1     00102200  etext                           
abs   ffffffff  pinit                           


GLOBAL SYMBOLS: SORTED BY Symbol Address 

page  address   name                            
----  -------   ----                            
0     003f8002  ___cinit__                      
0     003f8002  cinit                           
0     003f8031  _DSP28x_usDelay                 
1     00000400  __stack                         
1     00000800  __STACK_END                     
1     00000880  _DevEmuRegs                     
1     00000a80  _FlashRegs                      
1     00000ae0  _CsmRegs                        
1     00000b20  _XintfRegs                      
1     00000c00  _CpuTimer0Regs                  
1     00000c08  _CpuTimer1Regs                  
1     00000c10  _CpuTimer2Regs                  
1     00000ce0  _PieCtrlRegs                    
1     00000d00  _PieVectTable                   
1     00006000  _ECanaRegs                      
1     00006040  _ECanaLAMRegs                   
1     00006080  _ECanaMOTSRegs                  
1     000060c0  _ECanaMOTORegs                  
1     00006100  _ECanaMboxes                    
1     00007010  _SysCtrlRegs                    
1     00007040  _SpiaRegs                       
1     00007050  _SciaRegs                       
1     00007070  _XIntruptRegs                   
1     000070c0  _GpioMuxRegs                    
1     000070e0  _GpioDataRegs                   
1     00007100  _AdcRegs                        
1     00007400  _EvaRegs                        
1     00007500  _EvbRegs                        
1     00007750  _ScibRegs                       
1     00007800  _McbspaRegs                     
1     00100000  .text                           
1     00100000  ___text__                       
1     00100b11  ___TI_printfi                   
1     00100c97  _AS608_INIT                     
1     00100d53  _as608_send_byte                
1     00100d5c  _as608_init                     
1     00100d63  _as608_reset                    
1     00100d67  _as608_pin_set                  
1     00100d74  _as608_read_state               
1     00100d7f  _as608_get_image                
1     00100dc4  _as608_gen_char                 
1     00100e11  _as608_match                    
1     00100e56  _as608_search                   
1     00100ec6  _as608_high_speed_search        
1     00100f47  _as608_reg_model                
1     00100f8c  _as608_store_char               
1     00100fea  _as608_dele_char                
1     00101055  _as608_empty                    
1     0010109a  _as608_write_reg                
1     001010f1  _as608_read_sys_para            
1     0010116e  _as608_set_addr                 
1     001011e8  _as608_valid_templete_num       
1     00101243  _as608_hand_shake               
1     00101270  _as608_add_finger               
1     0010135b  _as608_press_finger             
1     001013cf  _as608_ensure_message           
1     0010146f  _as608_send_head                
1     00101476  _as608_send_addr                
1     0010148a  _as608_send_flag                
1     00101490  _as608_send_length              
1     0010149a  _as608_send_cmd                 
1     001014a0  _as608_send_check               
1     001014aa  _as608_uart_process             
1     00101513  _INT13_ISR                      
1     00101518  _INT14_ISR                      
1     0010151d  _DATALOG_ISR                    
1     00101522  _RTOSINT_ISR                    
1     00101527  _EMUINT_ISR                     
1     0010152c  _NMI_ISR                        
1     00101531  _ILLEGAL_ISR                    
1     00101536  _USER1_ISR                      
1     0010153b  _USER2_ISR                      
1     00101540  _USER3_ISR                      
1     00101545  _USER4_ISR                      
1     0010154a  _USER5_ISR                      
1     0010154f  _USER6_ISR                      
1     00101554  _USER7_ISR                      
1     00101559  _USER8_ISR                      
1     0010155e  _USER9_ISR                      
1     00101563  _USER10_ISR                     
1     00101568  _USER11_ISR                     
1     0010156d  _USER12_ISR                     
1     00101572  _PDPINTA_ISR                    
1     00101577  _PDPINTB_ISR                    
1     0010157c  _XINT1_ISR                      
1     00101581  _XINT2_ISR                      
1     00101586  _ADCINT_ISR                     
1     0010158b  _TINT0_ISR                      
1     00101590  _WAKEINT_ISR                    
1     00101595  _CMP1INT_ISR                    
1     0010159a  _CMP2INT_ISR                    
1     0010159f  _CMP3INT_ISR                    
1     001015a4  _T1PINT_ISR                     
1     001015a9  _T1CINT_ISR                     
1     001015ae  _T1UFINT_ISR                    
1     001015b3  _T1OFINT_ISR                    
1     001015b8  _T2PINT_ISR                     
1     001015bd  _T2CINT_ISR                     
1     001015c2  _T2UFINT_ISR                    
1     001015c7  _T2OFINT_ISR                    
1     001015cc  _CAPINT1_ISR                    
1     001015d1  _CAPINT2_ISR                    
1     001015d6  _CAPINT3_ISR                    
1     001015db  _CMP4INT_ISR                    
1     001015e0  _CMP5INT_ISR                    
1     001015e5  _CMP6INT_ISR                    
1     001015ea  _T3PINT_ISR                     
1     001015ef  _T3CINT_ISR                     
1     001015f4  _T3UFINT_ISR                    
1     001015f9  _T3OFINT_ISR                    
1     001015fe  _T4PINT_ISR                     
1     00101603  _T4CINT_ISR                     
1     00101608  _T4UFINT_ISR                    
1     0010160d  _T4OFINT_ISR                    
1     00101612  _CAPINT4_ISR                    
1     00101617  _CAPINT5_ISR                    
1     0010161c  _CAPINT6_ISR                    
1     00101621  _SPIRXINTA_ISR                  
1     00101626  _SPITXINTA_ISR                  
1     0010162b  _MRINTA_ISR                     
1     00101630  _MXINTA_ISR                     
1     00101635  _SCIRXINTA_ISR                  
1     0010163a  _SCITXINTA_ISR                  
1     0010163f  _SCIRXINTB_ISR                  
1     00101644  _SCITXINTB_ISR                  
1     00101649  _ECAN0INTA_ISR                  
1     0010164e  _ECAN1INTA_ISR                  
1     00101653  _EMPTY_ISR                      
1     00101658  _PIE_RESERVED                   
1     0010165d  _rsvd_ISR                       
1     00101662  _main                           
1     00101759  _Init_Bell                      
1     00101763  _Delay                          
1     0010177b  _alarm_voice                    
1     0010179c  LL$$DIV                         
1     001017d8  LL$$MOD                         
1     00101812  ULL$$DIV                        
1     00101841  ULL$$MOD                        
1     001018a3  _ldexpl                         
1     001018a3  _scalbnl                        
1     0010194f  FD$$ADD                         
1     001019eb  FD$$DIV                         
1     00101a76  _InitSysCtrl                    
1     00101a7e  _KickDog                        
1     00101a88  _DisableDog                     
1     00101a90  _InitPll                        
1     00101ab1  _InitPeripheralClocks           
1     00101acb  _CsmUnlock                      
1     00101afc  _SCI_INIT                       
1     00101b0e  _scia_xmit                      
1     00101b1b  _scia_msg                       
1     00101b2e  _scib_xmit                      
1     00101b3a  _scib_msg                       
1     00101b4d  _error                          
1     00101b4f  _scia_fifo_init                 
1     00101b65  _scib_fifo_init                 
1     00101b80  FD$$MPY                         
1     00101c03  _InitCpuTimers                  
1     00101c3c  _ConfigCpuTimer                 
1     00101c6d  _frexpl                         
1     00101cc9  FS$$MPY                         
1     00101d23  _c_int00                        
1     00101d77  _sciaRxFifoIsr                  
1     00101da8  _scibRxFifoIsr                  
1     00101dc1  _INIT_MOTOR                     
1     00101dc6  _init_eva                       
1     00101de2  _motor_set_stop                 
1     00101de6  _motor_set_forward              
1     00101df1  _motor_set_backward             
1     00101dfc  _cpu_timer0_isr                 
1     00101e2e  _sprintf                        
1     00101e60  _atoi                           
1     00101e91  _epwm1_isr                      
1     00101ebf  _ltoa                           
1     00101eed  FD$$CMP                         
1     00101f17  L$$DIV                          
1     00101f26  L$$MOD                          
1     00101f34  UL$$DIV                         
1     00101f3b  UL$$MOD                         
1     00101f41  C$$EXIT                         
1     00101f41  _abort                          
1     00101f43  _exit                           
1     00101f6a  FS$$TOL                         
1     00101f93  _InitPieCtrl                    
1     00101fb2  _EnableInterrupts               
1     00101fbb  _copy_in                        
1     00101fdf  _copysignl                      
1     00102002  FD$$TOI                         
1     00102023  _InitPieVectTable               
1     00102043  FD$$TOL                         
1     00102062  LL$$CMP                         
1     00102074  ULL$$CMP                        
1     00102080  I$$TOFD                         
1     0010209d  _memcpy                         
1     001020ba  FS$$TOFD                        
1     001020d6  L$$TOFD                         
1     001020f2  I$$TOFS                         
1     0010210c  L$$TOFS                         
1     00102126  __args_main                     
1     0010213f  LL$$AND                         
1     00102147  LL$$OR                          
1     0010214f  LL$$XOR                         
1     00102157  FS$$CMP                         
1     0010216e  _strstr                         
1     00102184  FD$$SUB                         
1     00102192  _InitGpio                       
1     0010219f  _memccpy                        
1     001021ac  _memset                         
1     001021b8  _strchr                         
1     001021c3  __register_unlock               
1     001021c7  __register_lock                 
1     001021cb  __nop                           
1     001021cc  FD$$NEG                         
1     001021e5  _strlen                         
1     001021ed  _wcslen                         
1     001021f5  _strcpy                         
1     001021fa  _SetDBGIER                      
1     001021fd  __system_pre_init               
1     001021ff  __system_post_cinit             
1     00102200  ___etext__                      
1     00102200  _rdata_pointA                   
1     00102200  etext                           
1     00102201  _rdata_pointB                   
1     00102202  _open_flag                      
1     00102203  _id_flag                        
1     00102204  _as608_p                        
1     00102240  _as608                          
1     001022bc  _error_count                    
1     001022be  _motor_counter                  
1     001022c0  _CpuTimer0                      
1     001022c8  _CpuTimer1                      
1     001022d0  _CpuTimer2                      
1     001022d8  ___TI_enable_exit_profile_output
1     001022da  ___TI_cleanup_ptr               
1     001022dc  ___TI_dtors_ptr                 
1     001022de  __lock                          
1     001022e0  __unlock                        
1     001022e2  _errno                          
1     003f7ff8  _CsmPwl                         
1     003f9582  __ctypes_                       
1     003f9684  _PieVectTableInit               
abs   00000400  __STACK_SIZE                    
abs   ffffffff  ___TI_pprof_out_hndl            
abs   ffffffff  ___TI_prof_data_size            
abs   ffffffff  ___TI_prof_data_start           
abs   ffffffff  ___binit__                      
abs   ffffffff  ___c_args__                     
abs   ffffffff  ___pinit__                      
abs   ffffffff  binit                           
abs   ffffffff  pinit                           

[250 symbols]
