<?xml version="1.0" encoding="ISO-8859-1" ?>
<link_info>
   <banner>TMS320C2000 Linker PC v18.12.1.LTS</banner>
   <copyright>Copyright (c) 1996-2018 Texas Instruments Incorporated</copyright>
   <link_time>0x5c9b768b</link_time>
   <link_errors>0x0</link_errors>
   <output_file>Q16_FINGERPRINT_MOTOR_BEE_F2812_CCS8_0.out</output_file>
   <entry_point>
      <name>_c_int00</name>
      <address>0x101d23</address>
   </entry_point>
   <input_file_list>
      <input_file id="fl-2">
         <path>.\DSP281x_common\source\</path>
         <kind>object</kind>
         <file>DSP281x_Adc.obj</file>
         <name>DSP281x_Adc.obj</name>
      </input_file>
      <input_file id="fl-3">
         <path>.\DSP281x_common\source\</path>
         <kind>object</kind>
         <file>DSP281x_CSMPasswords.obj</file>
         <name>DSP281x_CSMPasswords.obj</name>
      </input_file>
      <input_file id="fl-4">
         <path>.\DSP281x_common\source\</path>
         <kind>object</kind>
         <file>DSP281x_CodeStartBranch.obj</file>
         <name>DSP281x_CodeStartBranch.obj</name>
      </input_file>
      <input_file id="fl-5">
         <path>.\DSP281x_common\source\</path>
         <kind>object</kind>
         <file>DSP281x_CpuTimers.obj</file>
         <name>DSP281x_CpuTimers.obj</name>
      </input_file>
      <input_file id="fl-6">
         <path>.\DSP281x_common\source\</path>
         <kind>object</kind>
         <file>DSP281x_DBGIER.obj</file>
         <name>DSP281x_DBGIER.obj</name>
      </input_file>
      <input_file id="fl-7">
         <path>.\DSP281x_common\source\</path>
         <kind>object</kind>
         <file>DSP281x_DefaultIsr.obj</file>
         <name>DSP281x_DefaultIsr.obj</name>
      </input_file>
      <input_file id="fl-8">
         <path>.\DSP281x_common\source\</path>
         <kind>object</kind>
         <file>DSP281x_ECan.obj</file>
         <name>DSP281x_ECan.obj</name>
      </input_file>
      <input_file id="fl-9">
         <path>.\DSP281x_common\source\</path>
         <kind>object</kind>
         <file>DSP281x_Ev.obj</file>
         <name>DSP281x_Ev.obj</name>
      </input_file>
      <input_file id="fl-a">
         <path>.\DSP281x_common\source\</path>
         <kind>object</kind>
         <file>DSP281x_Gpio.obj</file>
         <name>DSP281x_Gpio.obj</name>
      </input_file>
      <input_file id="fl-b">
         <path>.\DSP281x_common\source\</path>
         <kind>object</kind>
         <file>DSP281x_InitPeripherals.obj</file>
         <name>DSP281x_InitPeripherals.obj</name>
      </input_file>
      <input_file id="fl-c">
         <path>.\DSP281x_common\source\</path>
         <kind>object</kind>
         <file>DSP281x_Mcbsp.obj</file>
         <name>DSP281x_Mcbsp.obj</name>
      </input_file>
      <input_file id="fl-d">
         <path>.\DSP281x_common\source\</path>
         <kind>object</kind>
         <file>DSP281x_MemCopy.obj</file>
         <name>DSP281x_MemCopy.obj</name>
      </input_file>
      <input_file id="fl-e">
         <path>.\DSP281x_common\source\</path>
         <kind>object</kind>
         <file>DSP281x_PieCtrl.obj</file>
         <name>DSP281x_PieCtrl.obj</name>
      </input_file>
      <input_file id="fl-f">
         <path>.\DSP281x_common\source\</path>
         <kind>object</kind>
         <file>DSP281x_PieVect.obj</file>
         <name>DSP281x_PieVect.obj</name>
      </input_file>
      <input_file id="fl-10">
         <path>.\DSP281x_common\source\</path>
         <kind>object</kind>
         <file>DSP281x_Sci.obj</file>
         <name>DSP281x_Sci.obj</name>
      </input_file>
      <input_file id="fl-11">
         <path>.\DSP281x_common\source\</path>
         <kind>object</kind>
         <file>DSP281x_Spi.obj</file>
         <name>DSP281x_Spi.obj</name>
      </input_file>
      <input_file id="fl-12">
         <path>.\DSP281x_common\source\</path>
         <kind>object</kind>
         <file>DSP281x_SysCtrl.obj</file>
         <name>DSP281x_SysCtrl.obj</name>
      </input_file>
      <input_file id="fl-13">
         <path>.\DSP281x_common\source\</path>
         <kind>object</kind>
         <file>DSP281x_XIntrupt.obj</file>
         <name>DSP281x_XIntrupt.obj</name>
      </input_file>
      <input_file id="fl-14">
         <path>.\DSP281x_common\source\</path>
         <kind>object</kind>
         <file>DSP281x_Xintf.obj</file>
         <name>DSP281x_Xintf.obj</name>
      </input_file>
      <input_file id="fl-15">
         <path>.\DSP281x_common\source\</path>
         <kind>object</kind>
         <file>DSP281x_XintfBootReset.obj</file>
         <name>DSP281x_XintfBootReset.obj</name>
      </input_file>
      <input_file id="fl-16">
         <path>.\DSP281x_common\source\</path>
         <kind>object</kind>
         <file>DSP281x_usDelay.obj</file>
         <name>DSP281x_usDelay.obj</name>
      </input_file>
      <input_file id="fl-17">
         <path>.\DSP281x_headers\source\</path>
         <kind>object</kind>
         <file>DSP281x_GlobalVariableDefs.obj</file>
         <name>DSP281x_GlobalVariableDefs.obj</name>
      </input_file>
      <input_file id="fl-18">
         <path>.\src\</path>
         <kind>object</kind>
         <file>as608.obj</file>
         <name>as608.obj</name>
      </input_file>
      <input_file id="fl-19">
         <path>.\src\</path>
         <kind>object</kind>
         <file>main.obj</file>
         <name>main.obj</name>
      </input_file>
      <input_file id="fl-1a">
         <path>.\src\</path>
         <kind>object</kind>
         <file>motor.obj</file>
         <name>motor.obj</name>
      </input_file>
      <input_file id="fl-1b">
         <path>.\src\</path>
         <kind>object</kind>
         <file>sci.obj</file>
         <name>sci.obj</name>
      </input_file>
      <input_file id="fl-20">
         <kind>object</kind>
         <file>&lt;internal&gt;</file>
         <name>&lt;internal&gt;</name>
      </input_file>
      <input_file id="fl-2c">
         <path>C:\opt\ti\ccs9\ccs\tools\compiler\ti-cgt-c2000_18.12.1.LTS\lib\</path>
         <kind>archive</kind>
         <file>rts2800_ml.lib</file>
         <name>sprintf.c.obj</name>
      </input_file>
      <input_file id="fl-2d">
         <path>C:\opt\ti\ccs9\ccs\tools\compiler\ti-cgt-c2000_18.12.1.LTS\lib\</path>
         <kind>archive</kind>
         <file>rts2800_ml.lib</file>
         <name>boot28.asm.obj</name>
      </input_file>
      <input_file id="fl-2e">
         <path>C:\opt\ti\ccs9\ccs\tools\compiler\ti-cgt-c2000_18.12.1.LTS\lib\</path>
         <kind>archive</kind>
         <file>rts2800_ml.lib</file>
         <name>fs_cmp28.asm.obj</name>
      </input_file>
      <input_file id="fl-2f">
         <path>C:\opt\ti\ccs9\ccs\tools\compiler\ti-cgt-c2000_18.12.1.LTS\lib\</path>
         <kind>archive</kind>
         <file>rts2800_ml.lib</file>
         <name>fs_mpy28.asm.obj</name>
      </input_file>
      <input_file id="fl-30">
         <path>C:\opt\ti\ccs9\ccs\tools\compiler\ti-cgt-c2000_18.12.1.LTS\lib\</path>
         <kind>archive</kind>
         <file>rts2800_ml.lib</file>
         <name>fs_tol28.asm.obj</name>
      </input_file>
      <input_file id="fl-31">
         <path>C:\opt\ti\ccs9\ccs\tools\compiler\ti-cgt-c2000_18.12.1.LTS\lib\</path>
         <kind>archive</kind>
         <file>rts2800_ml.lib</file>
         <name>i_tofs28.asm.obj</name>
      </input_file>
      <input_file id="fl-32">
         <path>C:\opt\ti\ccs9\ccs\tools\compiler\ti-cgt-c2000_18.12.1.LTS\lib\</path>
         <kind>archive</kind>
         <file>rts2800_ml.lib</file>
         <name>l_tofs28.asm.obj</name>
      </input_file>
      <input_file id="fl-33">
         <path>C:\opt\ti\ccs9\ccs\tools\compiler\ti-cgt-c2000_18.12.1.LTS\lib\</path>
         <kind>archive</kind>
         <file>rts2800_ml.lib</file>
         <name>cpy_tbl.c.obj</name>
      </input_file>
      <input_file id="fl-34">
         <path>C:\opt\ti\ccs9\ccs\tools\compiler\ti-cgt-c2000_18.12.1.LTS\lib\</path>
         <kind>archive</kind>
         <file>rts2800_ml.lib</file>
         <name>memcpy.c.obj</name>
      </input_file>
      <input_file id="fl-35">
         <path>C:\opt\ti\ccs9\ccs\tools\compiler\ti-cgt-c2000_18.12.1.LTS\lib\</path>
         <kind>archive</kind>
         <file>rts2800_ml.lib</file>
         <name>pre_init.c.obj</name>
      </input_file>
      <input_file id="fl-36">
         <path>C:\opt\ti\ccs9\ccs\tools\compiler\ti-cgt-c2000_18.12.1.LTS\lib\</path>
         <kind>archive</kind>
         <file>rts2800_ml.lib</file>
         <name>startup.c.obj</name>
      </input_file>
      <input_file id="fl-37">
         <path>C:\opt\ti\ccs9\ccs\tools\compiler\ti-cgt-c2000_18.12.1.LTS\lib\</path>
         <kind>archive</kind>
         <file>rts2800_ml.lib</file>
         <name>exit.c.obj</name>
      </input_file>
      <input_file id="fl-38">
         <path>C:\opt\ti\ccs9\ccs\tools\compiler\ti-cgt-c2000_18.12.1.LTS\lib\</path>
         <kind>archive</kind>
         <file>rts2800_ml.lib</file>
         <name>_lock.c.obj</name>
      </input_file>
      <input_file id="fl-39">
         <path>C:\opt\ti\ccs9\ccs\tools\compiler\ti-cgt-c2000_18.12.1.LTS\lib\</path>
         <kind>archive</kind>
         <file>rts2800_ml.lib</file>
         <name>args_main.c.obj</name>
      </input_file>
      <input_file id="fl-3a">
         <path>C:\opt\ti\ccs9\ccs\tools\compiler\ti-cgt-c2000_18.12.1.LTS\lib\</path>
         <kind>archive</kind>
         <file>rts2800_ml.lib</file>
         <name>strstr.c.obj</name>
      </input_file>
      <input_file id="fl-3b">
         <path>C:\opt\ti\ccs9\ccs\tools\compiler\ti-cgt-c2000_18.12.1.LTS\lib\</path>
         <kind>archive</kind>
         <file>rts2800_ml.lib</file>
         <name>_printfi.c.obj</name>
      </input_file>
      <input_file id="fl-3c">
         <path>C:\opt\ti\ccs9\ccs\tools\compiler\ti-cgt-c2000_18.12.1.LTS\lib\</path>
         <kind>archive</kind>
         <file>rts2800_ml.lib</file>
         <name>fd_cmp28.asm.obj</name>
      </input_file>
      <input_file id="fl-3d">
         <path>C:\opt\ti\ccs9\ccs\tools\compiler\ti-cgt-c2000_18.12.1.LTS\lib\</path>
         <kind>archive</kind>
         <file>rts2800_ml.lib</file>
         <name>fd_mpy28.asm.obj</name>
      </input_file>
      <input_file id="fl-3e">
         <path>C:\opt\ti\ccs9\ccs\tools\compiler\ti-cgt-c2000_18.12.1.LTS\lib\</path>
         <kind>archive</kind>
         <file>rts2800_ml.lib</file>
         <name>fd_neg28.asm.obj</name>
      </input_file>
      <input_file id="fl-3f">
         <path>C:\opt\ti\ccs9\ccs\tools\compiler\ti-cgt-c2000_18.12.1.LTS\lib\</path>
         <kind>archive</kind>
         <file>rts2800_ml.lib</file>
         <name>fd_sub28.asm.obj</name>
      </input_file>
      <input_file id="fl-40">
         <path>C:\opt\ti\ccs9\ccs\tools\compiler\ti-cgt-c2000_18.12.1.LTS\lib\</path>
         <kind>archive</kind>
         <file>rts2800_ml.lib</file>
         <name>fd_toi28.asm.obj</name>
      </input_file>
      <input_file id="fl-41">
         <path>C:\opt\ti\ccs9\ccs\tools\compiler\ti-cgt-c2000_18.12.1.LTS\lib\</path>
         <kind>archive</kind>
         <file>rts2800_ml.lib</file>
         <name>fd_tol28.asm.obj</name>
      </input_file>
      <input_file id="fl-42">
         <path>C:\opt\ti\ccs9\ccs\tools\compiler\ti-cgt-c2000_18.12.1.LTS\lib\</path>
         <kind>archive</kind>
         <file>rts2800_ml.lib</file>
         <name>ll_aox28.asm.obj</name>
      </input_file>
      <input_file id="fl-43">
         <path>C:\opt\ti\ccs9\ccs\tools\compiler\ti-cgt-c2000_18.12.1.LTS\lib\</path>
         <kind>archive</kind>
         <file>rts2800_ml.lib</file>
         <name>ll_cmp28.asm.obj</name>
      </input_file>
      <input_file id="fl-44">
         <path>C:\opt\ti\ccs9\ccs\tools\compiler\ti-cgt-c2000_18.12.1.LTS\lib\</path>
         <kind>archive</kind>
         <file>rts2800_ml.lib</file>
         <name>ll_div28.asm.obj</name>
      </input_file>
      <input_file id="fl-45">
         <path>C:\opt\ti\ccs9\ccs\tools\compiler\ti-cgt-c2000_18.12.1.LTS\lib\</path>
         <kind>archive</kind>
         <file>rts2800_ml.lib</file>
         <name>i_tofd28.asm.obj</name>
      </input_file>
      <input_file id="fl-46">
         <path>C:\opt\ti\ccs9\ccs\tools\compiler\ti-cgt-c2000_18.12.1.LTS\lib\</path>
         <kind>archive</kind>
         <file>rts2800_ml.lib</file>
         <name>l_tofd28.asm.obj</name>
      </input_file>
      <input_file id="fl-47">
         <path>C:\opt\ti\ccs9\ccs\tools\compiler\ti-cgt-c2000_18.12.1.LTS\lib\</path>
         <kind>archive</kind>
         <file>rts2800_ml.lib</file>
         <name>fs_tofd28.asm.obj</name>
      </input_file>
      <input_file id="fl-48">
         <path>C:\opt\ti\ccs9\ccs\tools\compiler\ti-cgt-c2000_18.12.1.LTS\lib\</path>
         <kind>archive</kind>
         <file>rts2800_ml.lib</file>
         <name>fd_div28.asm.obj</name>
      </input_file>
      <input_file id="fl-49">
         <path>C:\opt\ti\ccs9\ccs\tools\compiler\ti-cgt-c2000_18.12.1.LTS\lib\</path>
         <kind>archive</kind>
         <file>rts2800_ml.lib</file>
         <name>atoi.c.obj</name>
      </input_file>
      <input_file id="fl-4a">
         <path>C:\opt\ti\ccs9\ccs\tools\compiler\ti-cgt-c2000_18.12.1.LTS\lib\</path>
         <kind>archive</kind>
         <file>rts2800_ml.lib</file>
         <name>ctype.c.obj</name>
      </input_file>
      <input_file id="fl-4b">
         <path>C:\opt\ti\ccs9\ccs\tools\compiler\ti-cgt-c2000_18.12.1.LTS\lib\</path>
         <kind>archive</kind>
         <file>rts2800_ml.lib</file>
         <name>ltoa.c.obj</name>
      </input_file>
      <input_file id="fl-4c">
         <path>C:\opt\ti\ccs9\ccs\tools\compiler\ti-cgt-c2000_18.12.1.LTS\lib\</path>
         <kind>archive</kind>
         <file>rts2800_ml.lib</file>
         <name>memccpy.c.obj</name>
      </input_file>
      <input_file id="fl-4d">
         <path>C:\opt\ti\ccs9\ccs\tools\compiler\ti-cgt-c2000_18.12.1.LTS\lib\</path>
         <kind>archive</kind>
         <file>rts2800_ml.lib</file>
         <name>memset.c.obj</name>
      </input_file>
      <input_file id="fl-4e">
         <path>C:\opt\ti\ccs9\ccs\tools\compiler\ti-cgt-c2000_18.12.1.LTS\lib\</path>
         <kind>archive</kind>
         <file>rts2800_ml.lib</file>
         <name>strchr.c.obj</name>
      </input_file>
      <input_file id="fl-4f">
         <path>C:\opt\ti\ccs9\ccs\tools\compiler\ti-cgt-c2000_18.12.1.LTS\lib\</path>
         <kind>archive</kind>
         <file>rts2800_ml.lib</file>
         <name>strcpy.c.obj</name>
      </input_file>
      <input_file id="fl-50">
         <path>C:\opt\ti\ccs9\ccs\tools\compiler\ti-cgt-c2000_18.12.1.LTS\lib\</path>
         <kind>archive</kind>
         <file>rts2800_ml.lib</file>
         <name>strlen.c.obj</name>
      </input_file>
      <input_file id="fl-51">
         <path>C:\opt\ti\ccs9\ccs\tools\compiler\ti-cgt-c2000_18.12.1.LTS\lib\</path>
         <kind>archive</kind>
         <file>rts2800_ml.lib</file>
         <name>wcslen.c.obj</name>
      </input_file>
      <input_file id="fl-52">
         <path>C:\opt\ti\ccs9\ccs\tools\compiler\ti-cgt-c2000_18.12.1.LTS\lib\</path>
         <kind>archive</kind>
         <file>rts2800_ml.lib</file>
         <name>s_frexp.c.obj</name>
      </input_file>
      <input_file id="fl-53">
         <path>C:\opt\ti\ccs9\ccs\tools\compiler\ti-cgt-c2000_18.12.1.LTS\lib\</path>
         <kind>archive</kind>
         <file>rts2800_ml.lib</file>
         <name>s_scalbn.c.obj</name>
      </input_file>
      <input_file id="fl-54">
         <path>C:\opt\ti\ccs9\ccs\tools\compiler\ti-cgt-c2000_18.12.1.LTS\lib\</path>
         <kind>archive</kind>
         <file>rts2800_ml.lib</file>
         <name>s_copysign.c.obj</name>
      </input_file>
      <input_file id="fl-55">
         <path>C:\opt\ti\ccs9\ccs\tools\compiler\ti-cgt-c2000_18.12.1.LTS\lib\</path>
         <kind>archive</kind>
         <file>rts2800_ml.lib</file>
         <name>fd_add28.asm.obj</name>
      </input_file>
      <input_file id="fl-56">
         <path>C:\opt\ti\ccs9\ccs\tools\compiler\ti-cgt-c2000_18.12.1.LTS\lib\</path>
         <kind>archive</kind>
         <file>rts2800_ml.lib</file>
         <name>l_div28.asm.obj</name>
      </input_file>
      <input_file id="fl-57">
         <path>C:\opt\ti\ccs9\ccs\tools\compiler\ti-cgt-c2000_18.12.1.LTS\lib\</path>
         <kind>archive</kind>
         <file>rts2800_ml.lib</file>
         <name>errno.c.obj</name>
      </input_file>
   </input_file_list>
   <object_component_list>
      <object_component id="oc-ad">
         <name>PieVectTableFile</name>
         <uninitialized>true</uninitialized>
         <run_address>0xd00</run_address>
         <size>0x100</size>
         <input_file_ref idref="fl-17"/>
      </object_component>
      <object_component id="oc-ab">
         <name>DevEmuRegsFile</name>
         <uninitialized>true</uninitialized>
         <run_address>0x880</run_address>
         <size>0xd0</size>
         <input_file_ref idref="fl-17"/>
      </object_component>
      <object_component id="oc-98">
         <name>FlashRegsFile</name>
         <uninitialized>true</uninitialized>
         <run_address>0xa80</run_address>
         <size>0x8</size>
         <input_file_ref idref="fl-17"/>
      </object_component>
      <object_component id="oc-9c">
         <name>CsmRegsFile</name>
         <uninitialized>true</uninitialized>
         <run_address>0xae0</run_address>
         <size>0x10</size>
         <input_file_ref idref="fl-17"/>
      </object_component>
      <object_component id="oc-a3">
         <name>XintfRegsFile</name>
         <uninitialized>true</uninitialized>
         <run_address>0xb20</run_address>
         <size>0x20</size>
         <input_file_ref idref="fl-17"/>
      </object_component>
      <object_component id="oc-94">
         <name>CpuTimer0RegsFile</name>
         <uninitialized>true</uninitialized>
         <run_address>0xc00</run_address>
         <size>0x8</size>
         <input_file_ref idref="fl-17"/>
      </object_component>
      <object_component id="oc-95">
         <name>CpuTimer1RegsFile</name>
         <uninitialized>true</uninitialized>
         <run_address>0xc08</run_address>
         <size>0x8</size>
         <input_file_ref idref="fl-17"/>
      </object_component>
      <object_component id="oc-96">
         <name>CpuTimer2RegsFile</name>
         <uninitialized>true</uninitialized>
         <run_address>0xc10</run_address>
         <size>0x8</size>
         <input_file_ref idref="fl-17"/>
      </object_component>
      <object_component id="oc-9f">
         <name>PieCtrlRegsFile</name>
         <uninitialized>true</uninitialized>
         <run_address>0xce0</run_address>
         <size>0x1a</size>
         <input_file_ref idref="fl-17"/>
      </object_component>
      <object_component id="oc-a7">
         <name>ECanaRegsFile</name>
         <uninitialized>true</uninitialized>
         <run_address>0x6000</run_address>
         <size>0x34</size>
         <input_file_ref idref="fl-17"/>
      </object_component>
      <object_component id="oc-a8">
         <name>ECanaLAMRegsFile</name>
         <uninitialized>true</uninitialized>
         <run_address>0x6040</run_address>
         <size>0x40</size>
         <input_file_ref idref="fl-17"/>
      </object_component>
      <object_component id="oc-ac">
         <name>ECanaMboxesFile</name>
         <uninitialized>true</uninitialized>
         <run_address>0x6100</run_address>
         <size>0x100</size>
         <input_file_ref idref="fl-17"/>
      </object_component>
      <object_component id="oc-a9">
         <name>ECanaMOTSRegsFile</name>
         <uninitialized>true</uninitialized>
         <run_address>0x6080</run_address>
         <size>0x40</size>
         <input_file_ref idref="fl-17"/>
      </object_component>
      <object_component id="oc-aa">
         <name>ECanaMOTORegsFile</name>
         <uninitialized>true</uninitialized>
         <run_address>0x60c0</run_address>
         <size>0x40</size>
         <input_file_ref idref="fl-17"/>
      </object_component>
      <object_component id="oc-a2">
         <name>SysCtrlRegsFile</name>
         <uninitialized>true</uninitialized>
         <run_address>0x7010</run_address>
         <size>0x20</size>
         <input_file_ref idref="fl-17"/>
      </object_component>
      <object_component id="oc-9b">
         <name>SpiaRegsFile</name>
         <uninitialized>true</uninitialized>
         <run_address>0x7040</run_address>
         <size>0x10</size>
         <input_file_ref idref="fl-17"/>
      </object_component>
      <object_component id="oc-99">
         <name>SciaRegsFile</name>
         <uninitialized>true</uninitialized>
         <run_address>0x7050</run_address>
         <size>0x10</size>
         <input_file_ref idref="fl-17"/>
      </object_component>
      <object_component id="oc-9d">
         <name>XIntruptRegsFile</name>
         <uninitialized>true</uninitialized>
         <run_address>0x7070</run_address>
         <size>0x10</size>
         <input_file_ref idref="fl-17"/>
      </object_component>
      <object_component id="oc-a1">
         <name>GpioMuxRegsFile</name>
         <uninitialized>true</uninitialized>
         <run_address>0x70c0</run_address>
         <size>0x20</size>
         <input_file_ref idref="fl-17"/>
      </object_component>
      <object_component id="oc-a0">
         <name>GpioDataRegsFile</name>
         <uninitialized>true</uninitialized>
         <run_address>0x70e0</run_address>
         <size>0x20</size>
         <input_file_ref idref="fl-17"/>
      </object_component>
      <object_component id="oc-9e">
         <name>AdcRegsFile</name>
         <uninitialized>true</uninitialized>
         <run_address>0x7100</run_address>
         <size>0x1a</size>
         <input_file_ref idref="fl-17"/>
      </object_component>
      <object_component id="oc-a5">
         <name>EvaRegsFile</name>
         <uninitialized>true</uninitialized>
         <run_address>0x7400</run_address>
         <size>0x32</size>
         <input_file_ref idref="fl-17"/>
      </object_component>
      <object_component id="oc-a6">
         <name>EvbRegsFile</name>
         <uninitialized>true</uninitialized>
         <run_address>0x7500</run_address>
         <size>0x32</size>
         <input_file_ref idref="fl-17"/>
      </object_component>
      <object_component id="oc-9a">
         <name>ScibRegsFile</name>
         <uninitialized>true</uninitialized>
         <run_address>0x7750</run_address>
         <size>0x10</size>
         <input_file_ref idref="fl-17"/>
      </object_component>
      <object_component id="oc-a4">
         <name>McbspaRegsFile</name>
         <uninitialized>true</uninitialized>
         <run_address>0x7800</run_address>
         <size>0x25</size>
         <input_file_ref idref="fl-17"/>
      </object_component>
      <object_component id="oc-97">
         <name>CsmPwlFile</name>
         <uninitialized>true</uninitialized>
         <run_address>0x3f7ff8</run_address>
         <size>0x8</size>
         <input_file_ref idref="fl-17"/>
      </object_component>
      <object_component id="oc-31">
         <name>codestart</name>
         <load_address>0x3f8000</load_address>
         <run_address>0x3f8000</run_address>
         <size>0x2</size>
         <input_file_ref idref="fl-4"/>
      </object_component>
      <object_component id="oc-8e">
         <name>ramfuncs</name>
         <load_address>0x3f8031</load_address>
         <run_address>0x3f8031</run_address>
         <size>0x4</size>
         <input_file_ref idref="fl-16"/>
      </object_component>
      <object_component id="oc-1c2">
         <name>.text</name>
         <load_address>0x100000</load_address>
         <run_address>0x100000</run_address>
         <size>0xc97</size>
         <input_file_ref idref="fl-3b"/>
      </object_component>
      <object_component id="oc-1b2">
         <name>.text</name>
         <load_address>0x100c97</load_address>
         <run_address>0x100c97</run_address>
         <size>0x87c</size>
         <input_file_ref idref="fl-18"/>
      </object_component>
      <object_component id="oc-42">
         <name>.text:retain</name>
         <load_address>0x101513</load_address>
         <run_address>0x101513</run_address>
         <size>0x14f</size>
         <input_file_ref idref="fl-7"/>
      </object_component>
      <object_component id="oc-1b4">
         <name>.text</name>
         <load_address>0x101662</load_address>
         <run_address>0x101662</run_address>
         <size>0x13a</size>
         <input_file_ref idref="fl-19"/>
      </object_component>
      <object_component id="oc-149">
         <name>.text</name>
         <load_address>0x10179c</load_address>
         <run_address>0x10179c</run_address>
         <size>0x107</size>
         <input_file_ref idref="fl-44"/>
      </object_component>
      <object_component id="oc-1c8">
         <name>.text</name>
         <load_address>0x1018a3</load_address>
         <run_address>0x1018a3</run_address>
         <size>0xac</size>
         <input_file_ref idref="fl-53"/>
      </object_component>
      <object_component id="oc-19d">
         <name>.text</name>
         <load_address>0x10194f</load_address>
         <run_address>0x10194f</run_address>
         <size>0x9c</size>
         <input_file_ref idref="fl-55"/>
      </object_component>
      <object_component id="oc-15d">
         <name>.text</name>
         <load_address>0x1019eb</load_address>
         <run_address>0x1019eb</run_address>
         <size>0x8b</size>
         <input_file_ref idref="fl-48"/>
      </object_component>
      <object_component id="oc-1b9">
         <name>.text</name>
         <load_address>0x101a76</load_address>
         <run_address>0x101a76</run_address>
         <size>0x86</size>
         <input_file_ref idref="fl-12"/>
      </object_component>
      <object_component id="oc-1b0">
         <name>.text</name>
         <load_address>0x101afc</load_address>
         <run_address>0x101afc</run_address>
         <size>0x84</size>
         <input_file_ref idref="fl-1b"/>
      </object_component>
      <object_component id="oc-126">
         <name>.text</name>
         <load_address>0x101b80</load_address>
         <run_address>0x101b80</run_address>
         <size>0x83</size>
         <input_file_ref idref="fl-3d"/>
      </object_component>
      <object_component id="oc-1bd">
         <name>.text</name>
         <load_address>0x101c03</load_address>
         <run_address>0x101c03</run_address>
         <size>0x6a</size>
         <input_file_ref idref="fl-5"/>
      </object_component>
      <object_component id="oc-1c7">
         <name>.text</name>
         <load_address>0x101c6d</load_address>
         <run_address>0x101c6d</run_address>
         <size>0x5c</size>
         <input_file_ref idref="fl-52"/>
      </object_component>
      <object_component id="oc-dc">
         <name>.text</name>
         <load_address>0x101cc9</load_address>
         <run_address>0x101cc9</run_address>
         <size>0x5a</size>
         <input_file_ref idref="fl-2f"/>
      </object_component>
      <object_component id="oc-28">
         <name>.text</name>
         <load_address>0x101d23</load_address>
         <run_address>0x101d23</run_address>
         <size>0x54</size>
         <input_file_ref idref="fl-2d"/>
      </object_component>
      <object_component id="oc-c7">
         <name>.text:retain</name>
         <load_address>0x101d77</load_address>
         <run_address>0x101d77</run_address>
         <size>0x4a</size>
         <input_file_ref idref="fl-1b"/>
      </object_component>
      <object_component id="oc-1b1">
         <name>.text</name>
         <load_address>0x101dc1</load_address>
         <run_address>0x101dc1</run_address>
         <size>0x3b</size>
         <input_file_ref idref="fl-1a"/>
      </object_component>
      <object_component id="oc-b8">
         <name>.text:retain</name>
         <load_address>0x101dfc</load_address>
         <run_address>0x101dfc</run_address>
         <size>0x32</size>
         <input_file_ref idref="fl-19"/>
      </object_component>
      <object_component id="oc-1be">
         <name>.text</name>
         <load_address>0x101e2e</load_address>
         <run_address>0x101e2e</run_address>
         <size>0x32</size>
         <input_file_ref idref="fl-2c"/>
      </object_component>
      <object_component id="oc-1c4">
         <name>.text</name>
         <load_address>0x101e60</load_address>
         <run_address>0x101e60</run_address>
         <size>0x31</size>
         <input_file_ref idref="fl-49"/>
      </object_component>
      <object_component id="oc-c1">
         <name>.text:retain</name>
         <load_address>0x101e91</load_address>
         <run_address>0x101e91</run_address>
         <size>0x2e</size>
         <input_file_ref idref="fl-1a"/>
      </object_component>
      <object_component id="oc-1c6">
         <name>.text</name>
         <load_address>0x101ebf</load_address>
         <run_address>0x101ebf</run_address>
         <size>0x2e</size>
         <input_file_ref idref="fl-4b"/>
      </object_component>
      <object_component id="oc-121">
         <name>.text</name>
         <load_address>0x101eed</load_address>
         <run_address>0x101eed</run_address>
         <size>0x2a</size>
         <input_file_ref idref="fl-3c"/>
      </object_component>
      <object_component id="oc-1a2">
         <name>.text</name>
         <load_address>0x101f17</load_address>
         <run_address>0x101f17</run_address>
         <size>0x2a</size>
         <input_file_ref idref="fl-56"/>
      </object_component>
      <object_component id="oc-1af">
         <name>.text</name>
         <load_address>0x101f41</load_address>
         <run_address>0x101f41</run_address>
         <size>0x29</size>
         <input_file_ref idref="fl-37"/>
      </object_component>
      <object_component id="oc-e1">
         <name>.text</name>
         <load_address>0x101f6a</load_address>
         <run_address>0x101f6a</run_address>
         <size>0x29</size>
         <input_file_ref idref="fl-30"/>
      </object_component>
      <object_component id="oc-1bb">
         <name>.text</name>
         <load_address>0x101f93</load_address>
         <run_address>0x101f93</run_address>
         <size>0x28</size>
         <input_file_ref idref="fl-e"/>
      </object_component>
      <object_component id="oc-1ac">
         <name>.text</name>
         <load_address>0x101fbb</load_address>
         <run_address>0x101fbb</run_address>
         <size>0x24</size>
         <input_file_ref idref="fl-33"/>
      </object_component>
      <object_component id="oc-1cf">
         <name>.text</name>
         <load_address>0x101fdf</load_address>
         <run_address>0x101fdf</run_address>
         <size>0x23</size>
         <input_file_ref idref="fl-54"/>
      </object_component>
      <object_component id="oc-135">
         <name>.text</name>
         <load_address>0x102002</load_address>
         <run_address>0x102002</run_address>
         <size>0x21</size>
         <input_file_ref idref="fl-40"/>
      </object_component>
      <object_component id="oc-1bc">
         <name>.text</name>
         <load_address>0x102023</load_address>
         <run_address>0x102023</run_address>
         <size>0x20</size>
         <input_file_ref idref="fl-f"/>
      </object_component>
      <object_component id="oc-13a">
         <name>.text</name>
         <load_address>0x102043</load_address>
         <run_address>0x102043</run_address>
         <size>0x1f</size>
         <input_file_ref idref="fl-41"/>
      </object_component>
      <object_component id="oc-144">
         <name>.text</name>
         <load_address>0x102062</load_address>
         <run_address>0x102062</run_address>
         <size>0x1e</size>
         <input_file_ref idref="fl-43"/>
      </object_component>
      <object_component id="oc-14e">
         <name>.text</name>
         <load_address>0x102080</load_address>
         <run_address>0x102080</run_address>
         <size>0x1d</size>
         <input_file_ref idref="fl-45"/>
      </object_component>
      <object_component id="oc-1b3">
         <name>.text</name>
         <load_address>0x10209d</load_address>
         <run_address>0x10209d</run_address>
         <size>0x1d</size>
         <input_file_ref idref="fl-34"/>
      </object_component>
      <object_component id="oc-158">
         <name>.text</name>
         <load_address>0x1020ba</load_address>
         <run_address>0x1020ba</run_address>
         <size>0x1c</size>
         <input_file_ref idref="fl-47"/>
      </object_component>
      <object_component id="oc-153">
         <name>.text</name>
         <load_address>0x1020d6</load_address>
         <run_address>0x1020d6</run_address>
         <size>0x1c</size>
         <input_file_ref idref="fl-46"/>
      </object_component>
      <object_component id="oc-e6">
         <name>.text</name>
         <load_address>0x1020f2</load_address>
         <run_address>0x1020f2</run_address>
         <size>0x1a</size>
         <input_file_ref idref="fl-31"/>
      </object_component>
      <object_component id="oc-eb">
         <name>.text</name>
         <load_address>0x10210c</load_address>
         <run_address>0x10210c</run_address>
         <size>0x1a</size>
         <input_file_ref idref="fl-32"/>
      </object_component>
      <object_component id="oc-1ae">
         <name>.text</name>
         <load_address>0x102126</load_address>
         <run_address>0x102126</run_address>
         <size>0x19</size>
         <input_file_ref idref="fl-39"/>
      </object_component>
      <object_component id="oc-13f">
         <name>.text</name>
         <load_address>0x10213f</load_address>
         <run_address>0x10213f</run_address>
         <size>0x18</size>
         <input_file_ref idref="fl-42"/>
      </object_component>
      <object_component id="oc-d7">
         <name>.text</name>
         <load_address>0x102157</load_address>
         <run_address>0x102157</run_address>
         <size>0x17</size>
         <input_file_ref idref="fl-2e"/>
      </object_component>
      <object_component id="oc-1b8">
         <name>.text</name>
         <load_address>0x10216e</load_address>
         <run_address>0x10216e</run_address>
         <size>0x16</size>
         <input_file_ref idref="fl-3a"/>
      </object_component>
      <object_component id="oc-130">
         <name>.text</name>
         <load_address>0x102184</load_address>
         <run_address>0x102184</run_address>
         <size>0xe</size>
         <input_file_ref idref="fl-3f"/>
      </object_component>
      <object_component id="oc-1ba">
         <name>.text</name>
         <load_address>0x102192</load_address>
         <run_address>0x102192</run_address>
         <size>0xd</size>
         <input_file_ref idref="fl-a"/>
      </object_component>
      <object_component id="oc-1cc">
         <name>.text</name>
         <load_address>0x10219f</load_address>
         <run_address>0x10219f</run_address>
         <size>0xd</size>
         <input_file_ref idref="fl-4c"/>
      </object_component>
      <object_component id="oc-1ca">
         <name>.text</name>
         <load_address>0x1021ac</load_address>
         <run_address>0x1021ac</run_address>
         <size>0xc</size>
         <input_file_ref idref="fl-4d"/>
      </object_component>
      <object_component id="oc-1c9">
         <name>.text</name>
         <load_address>0x1021b8</load_address>
         <run_address>0x1021b8</run_address>
         <size>0xb</size>
         <input_file_ref idref="fl-4e"/>
      </object_component>
      <object_component id="oc-1bf">
         <name>.text</name>
         <load_address>0x1021c3</load_address>
         <run_address>0x1021c3</run_address>
         <size>0x9</size>
         <input_file_ref idref="fl-38"/>
      </object_component>
      <object_component id="oc-12b">
         <name>.text</name>
         <load_address>0x1021cc</load_address>
         <run_address>0x1021cc</run_address>
         <size>0x9</size>
         <input_file_ref idref="fl-3e"/>
      </object_component>
      <object_component id="oc-30">
         <name>.text</name>
         <load_address>0x1021d5</load_address>
         <run_address>0x1021d5</run_address>
         <size>0x8</size>
         <input_file_ref idref="fl-4"/>
      </object_component>
      <object_component id="oc-88">
         <name>.text</name>
         <load_address>0x1021dd</load_address>
         <run_address>0x1021dd</run_address>
         <size>0x8</size>
         <input_file_ref idref="fl-15"/>
      </object_component>
      <object_component id="oc-1c5">
         <name>.text</name>
         <load_address>0x1021e5</load_address>
         <run_address>0x1021e5</run_address>
         <size>0x8</size>
         <input_file_ref idref="fl-50"/>
      </object_component>
      <object_component id="oc-1cd">
         <name>.text</name>
         <load_address>0x1021ed</load_address>
         <run_address>0x1021ed</run_address>
         <size>0x8</size>
         <input_file_ref idref="fl-51"/>
      </object_component>
      <object_component id="oc-1cb">
         <name>.text</name>
         <load_address>0x1021f5</load_address>
         <run_address>0x1021f5</run_address>
         <size>0x5</size>
         <input_file_ref idref="fl-4f"/>
      </object_component>
      <object_component id="oc-3c">
         <name>.text</name>
         <load_address>0x1021fa</load_address>
         <run_address>0x1021fa</run_address>
         <size>0x3</size>
         <input_file_ref idref="fl-6"/>
      </object_component>
      <object_component id="oc-1ab">
         <name>.text</name>
         <load_address>0x1021fd</load_address>
         <run_address>0x1021fd</run_address>
         <size>0x2</size>
         <input_file_ref idref="fl-35"/>
      </object_component>
      <object_component id="oc-1ad">
         <name>.text</name>
         <load_address>0x1021ff</load_address>
         <run_address>0x1021ff</run_address>
         <size>0x1</size>
         <input_file_ref idref="fl-36"/>
      </object_component>
      <object_component id="oc-105">
         <name>.cinit</name>
         <load_address>0x3f8002</load_address>
         <run_address>0x3f8002</run_address>
         <size>0xe</size>
         <input_file_ref idref="fl-37"/>
      </object_component>
      <object_component id="oc-bf">
         <name>.cinit</name>
         <load_address>0x3f8010</load_address>
         <run_address>0x3f8010</run_address>
         <size>0x9</size>
         <input_file_ref idref="fl-1a"/>
      </object_component>
      <object_component id="oc-b6">
         <name>.cinit</name>
         <load_address>0x3f8019</load_address>
         <run_address>0x3f8019</run_address>
         <size>0x8</size>
         <input_file_ref idref="fl-19"/>
      </object_component>
      <object_component id="oc-1b6">
         <name>.cinit:__lock</name>
         <load_address>0x3f8021</load_address>
         <run_address>0x3f8021</run_address>
         <size>0x5</size>
         <input_file_ref idref="fl-38"/>
      </object_component>
      <object_component id="oc-1c0">
         <name>.cinit:__unlock</name>
         <load_address>0x3f8026</load_address>
         <run_address>0x3f8026</run_address>
         <size>0x5</size>
         <input_file_ref idref="fl-38"/>
      </object_component>
      <object_component id="oc-1a8">
         <name>.cinit</name>
         <load_address>0x3f802b</load_address>
         <run_address>0x3f802b</run_address>
         <size>0x4</size>
         <input_file_ref idref="fl-57"/>
      </object_component>
      <object_component id="oc-1b7">
         <name>.switch:_as608_ensure_message</name>
         <load_address>0x0</load_address>
         <run_address>0x0</run_address>
         <size>0x18</size>
         <input_file_ref idref="fl-18"/>
      </object_component>
      <object_component id="oc-d2">
         <name>.reset</name>
         <load_address>0x3fffc0</load_address>
         <run_address>0x3fffc0</run_address>
         <size>0x2</size>
         <input_file_ref idref="fl-2d"/>
      </object_component>
      <object_component id="oc-d1">
         <name>.stack</name>
         <uninitialized>true</uninitialized>
         <run_address>0x400</run_address>
         <size>0x0</size>
         <input_file_ref idref="fl-2d"/>
      </object_component>
      <object_component id="oc-207">
         <name>.stack</name>
         <uninitialized>true</uninitialized>
         <run_address>0x400</run_address>
         <size>0x0</size>
      </object_component>
      <object_component id="oc-37">
         <name>.ebss</name>
         <uninitialized>true</uninitialized>
         <run_address>0x1022c0</run_address>
         <size>0x18</size>
         <input_file_ref idref="fl-5"/>
      </object_component>
      <object_component id="oc-b7">
         <name>.ebss</name>
         <uninitialized>true</uninitialized>
         <run_address>0x102200</run_address>
         <size>0xbc</size>
         <input_file_ref idref="fl-19"/>
      </object_component>
      <object_component id="oc-c0">
         <name>.ebss</name>
         <uninitialized>true</uninitialized>
         <run_address>0x1022bc</run_address>
         <size>0x4</size>
         <input_file_ref idref="fl-1a"/>
      </object_component>
      <object_component id="oc-106">
         <name>.ebss</name>
         <uninitialized>true</uninitialized>
         <run_address>0x1022d8</run_address>
         <size>0x6</size>
         <input_file_ref idref="fl-37"/>
      </object_component>
      <object_component id="oc-1b5">
         <name>.ebss:__lock</name>
         <uninitialized>true</uninitialized>
         <run_address>0x1022de</run_address>
         <size>0x2</size>
         <input_file_ref idref="fl-38"/>
      </object_component>
      <object_component id="oc-1c3">
         <name>.ebss:__unlock</name>
         <uninitialized>true</uninitialized>
         <run_address>0x1022e0</run_address>
         <size>0x2</size>
         <input_file_ref idref="fl-38"/>
      </object_component>
      <object_component id="oc-1a9">
         <name>.ebss</name>
         <uninitialized>true</uninitialized>
         <run_address>0x1022e2</run_address>
         <size>0x1</size>
         <input_file_ref idref="fl-57"/>
      </object_component>
      <object_component id="oc-b0">
         <name>.econst:.string</name>
         <load_address>0x3f9000</load_address>
         <run_address>0x3f9000</run_address>
         <size>0x46c</size>
         <input_file_ref idref="fl-18"/>
      </object_component>
      <object_component id="oc-b9">
         <name>.econst:.string</name>
         <load_address>0x3f946c</load_address>
         <run_address>0x3f946c</run_address>
         <size>0x116</size>
         <input_file_ref idref="fl-19"/>
      </object_component>
      <object_component id="oc-1ce">
         <name>.econst:.string:__ctypes_</name>
         <load_address>0x3f9582</load_address>
         <run_address>0x3f9582</run_address>
         <size>0x101</size>
         <input_file_ref idref="fl-4a"/>
      </object_component>
      <object_component id="oc-1c1">
         <name>.econst:_PieVectTableInit</name>
         <load_address>0x3f9684</load_address>
         <run_address>0x3f9684</run_address>
         <size>0x100</size>
         <input_file_ref idref="fl-f"/>
      </object_component>
      <object_component id="oc-11c">
         <name>.econst:.string</name>
         <load_address>0x3f9784</load_address>
         <run_address>0x3f9784</run_address>
         <size>0x26</size>
         <input_file_ref idref="fl-3b"/>
      </object_component>
      <object_component id="oc-11b">
         <name>.econst</name>
         <load_address>0x3f97aa</load_address>
         <run_address>0x3f97aa</run_address>
         <size>0x1c</size>
         <input_file_ref idref="fl-3b"/>
      </object_component>
      <object_component id="oc-193">
         <name>.econst</name>
         <load_address>0x3f97c6</load_address>
         <run_address>0x3f97c6</run_address>
         <size>0x1c</size>
         <input_file_ref idref="fl-53"/>
      </object_component>
      <object_component id="oc-18d">
         <name>.econst</name>
         <load_address>0x3f97e2</load_address>
         <run_address>0x3f97e2</run_address>
         <size>0x8</size>
         <input_file_ref idref="fl-52"/>
      </object_component>
      <object_component id="oc-29">
         <name>.debug_info</name>
         <load_address>0x0</load_address>
         <run_address>0x0</run_address>
         <size>0x10f0</size>
         <input_file_ref idref="fl-2"/>
      </object_component>
      <object_component id="oc-33">
         <name>.debug_info</name>
         <load_address>0x10f0</load_address>
         <run_address>0x10f0</run_address>
         <size>0x172</size>
         <input_file_ref idref="fl-4"/>
      </object_component>
      <object_component id="oc-36">
         <name>.debug_info</name>
         <load_address>0x1262</load_address>
         <run_address>0x1262</run_address>
         <size>0x97a</size>
         <input_file_ref idref="fl-5"/>
      </object_component>
      <object_component id="oc-3e">
         <name>.debug_info</name>
         <load_address>0x1bdc</load_address>
         <run_address>0x1bdc</run_address>
         <size>0x124</size>
         <input_file_ref idref="fl-6"/>
      </object_component>
      <object_component id="oc-41">
         <name>.debug_info</name>
         <load_address>0x1d00</load_address>
         <run_address>0x1d00</run_address>
         <size>0x25d0</size>
         <input_file_ref idref="fl-7"/>
      </object_component>
      <object_component id="oc-47">
         <name>.debug_info</name>
         <load_address>0x42d0</load_address>
         <run_address>0x42d0</run_address>
         <size>0x5c90</size>
         <input_file_ref idref="fl-8"/>
      </object_component>
      <object_component id="oc-4c">
         <name>.debug_info</name>
         <load_address>0x9f60</load_address>
         <run_address>0x9f60</run_address>
         <size>0x2d9</size>
         <input_file_ref idref="fl-9"/>
      </object_component>
      <object_component id="oc-51">
         <name>.debug_info</name>
         <load_address>0xa239</load_address>
         <run_address>0xa239</run_address>
         <size>0x1b4a</size>
         <input_file_ref idref="fl-a"/>
      </object_component>
      <object_component id="oc-56">
         <name>.debug_info</name>
         <load_address>0xbd83</load_address>
         <run_address>0xbd83</run_address>
         <size>0x39a</size>
         <input_file_ref idref="fl-b"/>
      </object_component>
      <object_component id="oc-5b">
         <name>.debug_info</name>
         <load_address>0xc11d</load_address>
         <run_address>0xc11d</run_address>
         <size>0x4cf2</size>
         <input_file_ref idref="fl-c"/>
      </object_component>
      <object_component id="oc-60">
         <name>.debug_info</name>
         <load_address>0x10e0f</load_address>
         <run_address>0x10e0f</run_address>
         <size>0x2f1</size>
         <input_file_ref idref="fl-d"/>
      </object_component>
      <object_component id="oc-65">
         <name>.debug_info</name>
         <load_address>0x11100</load_address>
         <run_address>0x11100</run_address>
         <size>0xb1e</size>
         <input_file_ref idref="fl-e"/>
      </object_component>
      <object_component id="oc-6a">
         <name>.debug_info</name>
         <load_address>0x11c1e</load_address>
         <run_address>0x11c1e</run_address>
         <size>0x2028</size>
         <input_file_ref idref="fl-f"/>
      </object_component>
      <object_component id="oc-6f">
         <name>.debug_info</name>
         <load_address>0x13c46</load_address>
         <run_address>0x13c46</run_address>
         <size>0x2da</size>
         <input_file_ref idref="fl-10"/>
      </object_component>
      <object_component id="oc-74">
         <name>.debug_info</name>
         <load_address>0x13f20</load_address>
         <run_address>0x13f20</run_address>
         <size>0x2da</size>
         <input_file_ref idref="fl-11"/>
      </object_component>
      <object_component id="oc-79">
         <name>.debug_info</name>
         <load_address>0x141fa</load_address>
         <run_address>0x141fa</run_address>
         <size>0x1644</size>
         <input_file_ref idref="fl-12"/>
      </object_component>
      <object_component id="oc-7e">
         <name>.debug_info</name>
         <load_address>0x1583e</load_address>
         <run_address>0x1583e</run_address>
         <size>0x2df</size>
         <input_file_ref idref="fl-13"/>
      </object_component>
      <object_component id="oc-83">
         <name>.debug_info</name>
         <load_address>0x15b1d</load_address>
         <run_address>0x15b1d</run_address>
         <size>0x849</size>
         <input_file_ref idref="fl-14"/>
      </object_component>
      <object_component id="oc-8b">
         <name>.debug_info</name>
         <load_address>0x16366</load_address>
         <run_address>0x16366</run_address>
         <size>0x129</size>
         <input_file_ref idref="fl-15"/>
      </object_component>
      <object_component id="oc-90">
         <name>.debug_info</name>
         <load_address>0x1648f</load_address>
         <run_address>0x1648f</run_address>
         <size>0x126</size>
         <input_file_ref idref="fl-16"/>
      </object_component>
      <object_component id="oc-93">
         <name>.debug_info</name>
         <load_address>0x165b5</load_address>
         <run_address>0x165b5</run_address>
         <size>0x135b2</size>
         <input_file_ref idref="fl-17"/>
      </object_component>
      <object_component id="oc-af">
         <name>.debug_info</name>
         <load_address>0x29b67</load_address>
         <run_address>0x29b67</run_address>
         <size>0x6aa5</size>
         <input_file_ref idref="fl-18"/>
      </object_component>
      <object_component id="oc-b5">
         <name>.debug_info</name>
         <load_address>0x3060c</load_address>
         <run_address>0x3060c</run_address>
         <size>0x67f9</size>
         <input_file_ref idref="fl-19"/>
      </object_component>
      <object_component id="oc-be">
         <name>.debug_info</name>
         <load_address>0x36e05</load_address>
         <run_address>0x36e05</run_address>
         <size>0x3801</size>
         <input_file_ref idref="fl-1a"/>
      </object_component>
      <object_component id="oc-c6">
         <name>.debug_info</name>
         <load_address>0x3a606</load_address>
         <run_address>0x3a606</run_address>
         <size>0x38a7</size>
         <input_file_ref idref="fl-1b"/>
      </object_component>
      <object_component id="oc-cc">
         <name>.debug_info</name>
         <load_address>0x3dead</load_address>
         <run_address>0x3dead</run_address>
         <size>0x5d9</size>
         <input_file_ref idref="fl-2c"/>
      </object_component>
      <object_component id="oc-d3">
         <name>.debug_info</name>
         <load_address>0x3e486</load_address>
         <run_address>0x3e486</run_address>
         <size>0x177</size>
         <input_file_ref idref="fl-2d"/>
      </object_component>
      <object_component id="oc-d8">
         <name>.debug_info</name>
         <load_address>0x3e5fd</load_address>
         <run_address>0x3e5fd</run_address>
         <size>0x118</size>
         <input_file_ref idref="fl-2e"/>
      </object_component>
      <object_component id="oc-dd">
         <name>.debug_info</name>
         <load_address>0x3e715</load_address>
         <run_address>0x3e715</run_address>
         <size>0x118</size>
         <input_file_ref idref="fl-2f"/>
      </object_component>
      <object_component id="oc-e2">
         <name>.debug_info</name>
         <load_address>0x3e82d</load_address>
         <run_address>0x3e82d</run_address>
         <size>0x124</size>
         <input_file_ref idref="fl-30"/>
      </object_component>
      <object_component id="oc-e7">
         <name>.debug_info</name>
         <load_address>0x3e951</load_address>
         <run_address>0x3e951</run_address>
         <size>0x122</size>
         <input_file_ref idref="fl-31"/>
      </object_component>
      <object_component id="oc-ec">
         <name>.debug_info</name>
         <load_address>0x3ea73</load_address>
         <run_address>0x3ea73</run_address>
         <size>0x122</size>
         <input_file_ref idref="fl-32"/>
      </object_component>
      <object_component id="oc-f0">
         <name>.debug_info</name>
         <load_address>0x3eb95</load_address>
         <run_address>0x3eb95</run_address>
         <size>0x4dc</size>
         <input_file_ref idref="fl-33"/>
      </object_component>
      <object_component id="oc-f5">
         <name>.debug_info</name>
         <load_address>0x3f071</load_address>
         <run_address>0x3f071</run_address>
         <size>0x3d7</size>
         <input_file_ref idref="fl-34"/>
      </object_component>
      <object_component id="oc-fa">
         <name>.debug_info</name>
         <load_address>0x3f448</load_address>
         <run_address>0x3f448</run_address>
         <size>0x34a</size>
         <input_file_ref idref="fl-35"/>
      </object_component>
      <object_component id="oc-ff">
         <name>.debug_info</name>
         <load_address>0x3f792</load_address>
         <run_address>0x3f792</run_address>
         <size>0x347</size>
         <input_file_ref idref="fl-36"/>
      </object_component>
      <object_component id="oc-104">
         <name>.debug_info</name>
         <load_address>0x3fad9</load_address>
         <run_address>0x3fad9</run_address>
         <size>0x4e1</size>
         <input_file_ref idref="fl-37"/>
      </object_component>
      <object_component id="oc-10b">
         <name>.debug_info</name>
         <load_address>0x3ffba</load_address>
         <run_address>0x3ffba</run_address>
         <size>0x469</size>
         <input_file_ref idref="fl-38"/>
      </object_component>
      <object_component id="oc-110">
         <name>.debug_info</name>
         <load_address>0x40423</load_address>
         <run_address>0x40423</run_address>
         <size>0x404</size>
         <input_file_ref idref="fl-39"/>
      </object_component>
      <object_component id="oc-115">
         <name>.debug_info</name>
         <load_address>0x40827</load_address>
         <run_address>0x40827</run_address>
         <size>0x3f6</size>
         <input_file_ref idref="fl-3a"/>
      </object_component>
      <object_component id="oc-11a">
         <name>.debug_info</name>
         <load_address>0x40c1d</load_address>
         <run_address>0x40c1d</run_address>
         <size>0x25a6</size>
         <input_file_ref idref="fl-3b"/>
      </object_component>
      <object_component id="oc-122">
         <name>.debug_info</name>
         <load_address>0x431c3</load_address>
         <run_address>0x431c3</run_address>
         <size>0x124</size>
         <input_file_ref idref="fl-3c"/>
      </object_component>
      <object_component id="oc-127">
         <name>.debug_info</name>
         <load_address>0x432e7</load_address>
         <run_address>0x432e7</run_address>
         <size>0x118</size>
         <input_file_ref idref="fl-3d"/>
      </object_component>
      <object_component id="oc-12c">
         <name>.debug_info</name>
         <load_address>0x433ff</load_address>
         <run_address>0x433ff</run_address>
         <size>0x118</size>
         <input_file_ref idref="fl-3e"/>
      </object_component>
      <object_component id="oc-131">
         <name>.debug_info</name>
         <load_address>0x43517</load_address>
         <run_address>0x43517</run_address>
         <size>0x126</size>
         <input_file_ref idref="fl-3f"/>
      </object_component>
      <object_component id="oc-136">
         <name>.debug_info</name>
         <load_address>0x4363d</load_address>
         <run_address>0x4363d</run_address>
         <size>0x118</size>
         <input_file_ref idref="fl-40"/>
      </object_component>
      <object_component id="oc-13b">
         <name>.debug_info</name>
         <load_address>0x43755</load_address>
         <run_address>0x43755</run_address>
         <size>0x118</size>
         <input_file_ref idref="fl-41"/>
      </object_component>
      <object_component id="oc-140">
         <name>.debug_info</name>
         <load_address>0x4386d</load_address>
         <run_address>0x4386d</run_address>
         <size>0x17a</size>
         <input_file_ref idref="fl-42"/>
      </object_component>
      <object_component id="oc-145">
         <name>.debug_info</name>
         <load_address>0x439e7</load_address>
         <run_address>0x439e7</run_address>
         <size>0x152</size>
         <input_file_ref idref="fl-43"/>
      </object_component>
      <object_component id="oc-14a">
         <name>.debug_info</name>
         <load_address>0x43b39</load_address>
         <run_address>0x43b39</run_address>
         <size>0x235</size>
         <input_file_ref idref="fl-44"/>
      </object_component>
      <object_component id="oc-14f">
         <name>.debug_info</name>
         <load_address>0x43d6e</load_address>
         <run_address>0x43d6e</run_address>
         <size>0x11c</size>
         <input_file_ref idref="fl-45"/>
      </object_component>
      <object_component id="oc-154">
         <name>.debug_info</name>
         <load_address>0x43e8a</load_address>
         <run_address>0x43e8a</run_address>
         <size>0x11c</size>
         <input_file_ref idref="fl-46"/>
      </object_component>
      <object_component id="oc-159">
         <name>.debug_info</name>
         <load_address>0x43fa6</load_address>
         <run_address>0x43fa6</run_address>
         <size>0x11b</size>
         <input_file_ref idref="fl-47"/>
      </object_component>
      <object_component id="oc-15e">
         <name>.debug_info</name>
         <load_address>0x440c1</load_address>
         <run_address>0x440c1</run_address>
         <size>0x118</size>
         <input_file_ref idref="fl-48"/>
      </object_component>
      <object_component id="oc-162">
         <name>.debug_info</name>
         <load_address>0x441d9</load_address>
         <run_address>0x441d9</run_address>
         <size>0x3bc</size>
         <input_file_ref idref="fl-49"/>
      </object_component>
      <object_component id="oc-167">
         <name>.debug_info</name>
         <load_address>0x44595</load_address>
         <run_address>0x44595</run_address>
         <size>0x1eb</size>
         <input_file_ref idref="fl-4a"/>
      </object_component>
      <object_component id="oc-169">
         <name>.debug_info</name>
         <load_address>0x44780</load_address>
         <run_address>0x44780</run_address>
         <size>0x3fc</size>
         <input_file_ref idref="fl-4b"/>
      </object_component>
      <object_component id="oc-16e">
         <name>.debug_info</name>
         <load_address>0x44b7c</load_address>
         <run_address>0x44b7c</run_address>
         <size>0x3d5</size>
         <input_file_ref idref="fl-4c"/>
      </object_component>
      <object_component id="oc-173">
         <name>.debug_info</name>
         <load_address>0x44f51</load_address>
         <run_address>0x44f51</run_address>
         <size>0x4a5</size>
         <input_file_ref idref="fl-4d"/>
      </object_component>
      <object_component id="oc-178">
         <name>.debug_info</name>
         <load_address>0x453f6</load_address>
         <run_address>0x453f6</run_address>
         <size>0x494</size>
         <input_file_ref idref="fl-4e"/>
      </object_component>
      <object_component id="oc-17d">
         <name>.debug_info</name>
         <load_address>0x4588a</load_address>
         <run_address>0x4588a</run_address>
         <size>0x487</size>
         <input_file_ref idref="fl-4f"/>
      </object_component>
      <object_component id="oc-182">
         <name>.debug_info</name>
         <load_address>0x45d11</load_address>
         <run_address>0x45d11</run_address>
         <size>0x44d</size>
         <input_file_ref idref="fl-50"/>
      </object_component>
      <object_component id="oc-187">
         <name>.debug_info</name>
         <load_address>0x4615e</load_address>
         <run_address>0x4615e</run_address>
         <size>0x389</size>
         <input_file_ref idref="fl-51"/>
      </object_component>
      <object_component id="oc-18c">
         <name>.debug_info</name>
         <load_address>0x464e7</load_address>
         <run_address>0x464e7</run_address>
         <size>0x433</size>
         <input_file_ref idref="fl-52"/>
      </object_component>
      <object_component id="oc-192">
         <name>.debug_info</name>
         <load_address>0x4691a</load_address>
         <run_address>0x4691a</run_address>
         <size>0x4bf</size>
         <input_file_ref idref="fl-53"/>
      </object_component>
      <object_component id="oc-198">
         <name>.debug_info</name>
         <load_address>0x46dd9</load_address>
         <run_address>0x46dd9</run_address>
         <size>0x3c0</size>
         <input_file_ref idref="fl-54"/>
      </object_component>
      <object_component id="oc-19e">
         <name>.debug_info</name>
         <load_address>0x47199</load_address>
         <run_address>0x47199</run_address>
         <size>0x118</size>
         <input_file_ref idref="fl-55"/>
      </object_component>
      <object_component id="oc-1a3">
         <name>.debug_info</name>
         <load_address>0x472b1</load_address>
         <run_address>0x472b1</run_address>
         <size>0x1a9</size>
         <input_file_ref idref="fl-56"/>
      </object_component>
      <object_component id="oc-1a7">
         <name>.debug_info</name>
         <load_address>0x4745a</load_address>
         <run_address>0x4745a</run_address>
         <size>0x1ca</size>
         <input_file_ref idref="fl-57"/>
      </object_component>
      <object_component id="oc-208">
         <name>.debug_info</name>
         <load_address>0x47624</load_address>
         <run_address>0x47624</run_address>
         <size>0xb5</size>
      </object_component>
      <object_component id="oc-2a">
         <name>.debug_frame</name>
         <load_address>0x0</load_address>
         <run_address>0x0</run_address>
         <size>0x20</size>
         <input_file_ref idref="fl-2"/>
      </object_component>
      <object_component id="oc-38">
         <name>.debug_frame</name>
         <load_address>0x20</load_address>
         <run_address>0x20</run_address>
         <size>0x54</size>
         <input_file_ref idref="fl-5"/>
      </object_component>
      <object_component id="oc-43">
         <name>.debug_frame</name>
         <load_address>0x74</load_address>
         <run_address>0x74</run_address>
         <size>0x668</size>
         <input_file_ref idref="fl-7"/>
      </object_component>
      <object_component id="oc-48">
         <name>.debug_frame</name>
         <load_address>0x6dc</load_address>
         <run_address>0x6dc</run_address>
         <size>0x20</size>
         <input_file_ref idref="fl-8"/>
      </object_component>
      <object_component id="oc-4d">
         <name>.debug_frame</name>
         <load_address>0x6fc</load_address>
         <run_address>0x6fc</run_address>
         <size>0x20</size>
         <input_file_ref idref="fl-9"/>
      </object_component>
      <object_component id="oc-52">
         <name>.debug_frame</name>
         <load_address>0x71c</load_address>
         <run_address>0x71c</run_address>
         <size>0x38</size>
         <input_file_ref idref="fl-a"/>
      </object_component>
      <object_component id="oc-57">
         <name>.debug_frame</name>
         <load_address>0x754</load_address>
         <run_address>0x754</run_address>
         <size>0x20</size>
         <input_file_ref idref="fl-b"/>
      </object_component>
      <object_component id="oc-5c">
         <name>.debug_frame</name>
         <load_address>0x774</load_address>
         <run_address>0x774</run_address>
         <size>0x20</size>
         <input_file_ref idref="fl-c"/>
      </object_component>
      <object_component id="oc-61">
         <name>.debug_frame</name>
         <load_address>0x794</load_address>
         <run_address>0x794</run_address>
         <size>0x20</size>
         <input_file_ref idref="fl-d"/>
      </object_component>
      <object_component id="oc-66">
         <name>.debug_frame</name>
         <load_address>0x7b4</load_address>
         <run_address>0x7b4</run_address>
         <size>0x50</size>
         <input_file_ref idref="fl-e"/>
      </object_component>
      <object_component id="oc-6b">
         <name>.debug_frame</name>
         <load_address>0x804</load_address>
         <run_address>0x804</run_address>
         <size>0x3c</size>
         <input_file_ref idref="fl-f"/>
      </object_component>
      <object_component id="oc-70">
         <name>.debug_frame</name>
         <load_address>0x840</load_address>
         <run_address>0x840</run_address>
         <size>0x20</size>
         <input_file_ref idref="fl-10"/>
      </object_component>
      <object_component id="oc-75">
         <name>.debug_frame</name>
         <load_address>0x860</load_address>
         <run_address>0x860</run_address>
         <size>0x20</size>
         <input_file_ref idref="fl-11"/>
      </object_component>
      <object_component id="oc-7a">
         <name>.debug_frame</name>
         <load_address>0x880</load_address>
         <run_address>0x880</run_address>
         <size>0xb8</size>
         <input_file_ref idref="fl-12"/>
      </object_component>
      <object_component id="oc-7f">
         <name>.debug_frame</name>
         <load_address>0x938</load_address>
         <run_address>0x938</run_address>
         <size>0x20</size>
         <input_file_ref idref="fl-13"/>
      </object_component>
      <object_component id="oc-84">
         <name>.debug_frame</name>
         <load_address>0x958</load_address>
         <run_address>0x958</run_address>
         <size>0x20</size>
         <input_file_ref idref="fl-14"/>
      </object_component>
      <object_component id="oc-b1">
         <name>.debug_frame</name>
         <load_address>0x978</load_address>
         <run_address>0x978</run_address>
         <size>0x380</size>
         <input_file_ref idref="fl-18"/>
      </object_component>
      <object_component id="oc-ba">
         <name>.debug_frame</name>
         <load_address>0xcf8</load_address>
         <run_address>0xcf8</run_address>
         <size>0xe0</size>
         <input_file_ref idref="fl-19"/>
      </object_component>
      <object_component id="oc-c2">
         <name>.debug_frame</name>
         <load_address>0xdd8</load_address>
         <run_address>0xdd8</run_address>
         <size>0xec</size>
         <input_file_ref idref="fl-1a"/>
      </object_component>
      <object_component id="oc-c8">
         <name>.debug_frame</name>
         <load_address>0xec4</load_address>
         <run_address>0xec4</run_address>
         <size>0x160</size>
         <input_file_ref idref="fl-1b"/>
      </object_component>
      <object_component id="oc-cd">
         <name>.debug_frame</name>
         <load_address>0x1024</load_address>
         <run_address>0x1024</run_address>
         <size>0x7c</size>
         <input_file_ref idref="fl-2c"/>
      </object_component>
      <object_component id="oc-f1">
         <name>.debug_frame</name>
         <load_address>0x10a0</load_address>
         <run_address>0x10a0</run_address>
         <size>0x58</size>
         <input_file_ref idref="fl-33"/>
      </object_component>
      <object_component id="oc-f6">
         <name>.debug_frame</name>
         <load_address>0x10f8</load_address>
         <run_address>0x10f8</run_address>
         <size>0x38</size>
         <input_file_ref idref="fl-34"/>
      </object_component>
      <object_component id="oc-fb">
         <name>.debug_frame</name>
         <load_address>0x1130</load_address>
         <run_address>0x1130</run_address>
         <size>0x38</size>
         <input_file_ref idref="fl-35"/>
      </object_component>
      <object_component id="oc-100">
         <name>.debug_frame</name>
         <load_address>0x1168</load_address>
         <run_address>0x1168</run_address>
         <size>0x38</size>
         <input_file_ref idref="fl-36"/>
      </object_component>
      <object_component id="oc-107">
         <name>.debug_frame</name>
         <load_address>0x11a0</load_address>
         <run_address>0x11a0</run_address>
         <size>0x58</size>
         <input_file_ref idref="fl-37"/>
      </object_component>
      <object_component id="oc-10c">
         <name>.debug_frame</name>
         <load_address>0x11f8</load_address>
         <run_address>0x11f8</run_address>
         <size>0x68</size>
         <input_file_ref idref="fl-38"/>
      </object_component>
      <object_component id="oc-111">
         <name>.debug_frame</name>
         <load_address>0x1260</load_address>
         <run_address>0x1260</run_address>
         <size>0x38</size>
         <input_file_ref idref="fl-39"/>
      </object_component>
      <object_component id="oc-116">
         <name>.debug_frame</name>
         <load_address>0x1298</load_address>
         <run_address>0x1298</run_address>
         <size>0x3c</size>
         <input_file_ref idref="fl-3a"/>
      </object_component>
      <object_component id="oc-11d">
         <name>.debug_frame</name>
         <load_address>0x12d4</load_address>
         <run_address>0x12d4</run_address>
         <size>0x42c</size>
         <input_file_ref idref="fl-3b"/>
      </object_component>
      <object_component id="oc-163">
         <name>.debug_frame</name>
         <load_address>0x1700</load_address>
         <run_address>0x1700</run_address>
         <size>0x38</size>
         <input_file_ref idref="fl-49"/>
      </object_component>
      <object_component id="oc-16a">
         <name>.debug_frame</name>
         <load_address>0x1738</load_address>
         <run_address>0x1738</run_address>
         <size>0x44</size>
         <input_file_ref idref="fl-4b"/>
      </object_component>
      <object_component id="oc-16f">
         <name>.debug_frame</name>
         <load_address>0x177c</load_address>
         <run_address>0x177c</run_address>
         <size>0x38</size>
         <input_file_ref idref="fl-4c"/>
      </object_component>
      <object_component id="oc-174">
         <name>.debug_frame</name>
         <load_address>0x17b4</load_address>
         <run_address>0x17b4</run_address>
         <size>0x38</size>
         <input_file_ref idref="fl-4d"/>
      </object_component>
      <object_component id="oc-179">
         <name>.debug_frame</name>
         <load_address>0x17ec</load_address>
         <run_address>0x17ec</run_address>
         <size>0x3c</size>
         <input_file_ref idref="fl-4e"/>
      </object_component>
      <object_component id="oc-17e">
         <name>.debug_frame</name>
         <load_address>0x1828</load_address>
         <run_address>0x1828</run_address>
         <size>0x38</size>
         <input_file_ref idref="fl-4f"/>
      </object_component>
      <object_component id="oc-183">
         <name>.debug_frame</name>
         <load_address>0x1860</load_address>
         <run_address>0x1860</run_address>
         <size>0x38</size>
         <input_file_ref idref="fl-50"/>
      </object_component>
      <object_component id="oc-188">
         <name>.debug_frame</name>
         <load_address>0x1898</load_address>
         <run_address>0x1898</run_address>
         <size>0x38</size>
         <input_file_ref idref="fl-51"/>
      </object_component>
      <object_component id="oc-18e">
         <name>.debug_frame</name>
         <load_address>0x18d0</load_address>
         <run_address>0x18d0</run_address>
         <size>0x50</size>
         <input_file_ref idref="fl-52"/>
      </object_component>
      <object_component id="oc-194">
         <name>.debug_frame</name>
         <load_address>0x1920</load_address>
         <run_address>0x1920</run_address>
         <size>0x50</size>
         <input_file_ref idref="fl-53"/>
      </object_component>
      <object_component id="oc-199">
         <name>.debug_frame</name>
         <load_address>0x1970</load_address>
         <run_address>0x1970</run_address>
         <size>0x3c</size>
         <input_file_ref idref="fl-54"/>
      </object_component>
      <object_component id="oc-2b">
         <name>.debug_line</name>
         <load_address>0x0</load_address>
         <run_address>0x0</run_address>
         <size>0x47</size>
         <input_file_ref idref="fl-2"/>
      </object_component>
      <object_component id="oc-32">
         <name>.debug_line</name>
         <load_address>0x47</load_address>
         <run_address>0x47</run_address>
         <size>0x76</size>
         <input_file_ref idref="fl-4"/>
      </object_component>
      <object_component id="oc-39">
         <name>.debug_line</name>
         <load_address>0xbd</load_address>
         <run_address>0xbd</run_address>
         <size>0x99</size>
         <input_file_ref idref="fl-5"/>
      </object_component>
      <object_component id="oc-3d">
         <name>.debug_line</name>
         <load_address>0x156</load_address>
         <run_address>0x156</run_address>
         <size>0x5c</size>
         <input_file_ref idref="fl-6"/>
      </object_component>
      <object_component id="oc-44">
         <name>.debug_line</name>
         <load_address>0x1b2</load_address>
         <run_address>0x1b2</run_address>
         <size>0x643</size>
         <input_file_ref idref="fl-7"/>
      </object_component>
      <object_component id="oc-49">
         <name>.debug_line</name>
         <load_address>0x7f5</load_address>
         <run_address>0x7f5</run_address>
         <size>0x48</size>
         <input_file_ref idref="fl-8"/>
      </object_component>
      <object_component id="oc-4e">
         <name>.debug_line</name>
         <load_address>0x83d</load_address>
         <run_address>0x83d</run_address>
         <size>0x46</size>
         <input_file_ref idref="fl-9"/>
      </object_component>
      <object_component id="oc-53">
         <name>.debug_line</name>
         <load_address>0x883</load_address>
         <run_address>0x883</run_address>
         <size>0x64</size>
         <input_file_ref idref="fl-a"/>
      </object_component>
      <object_component id="oc-58">
         <name>.debug_line</name>
         <load_address>0x8e7</load_address>
         <run_address>0x8e7</run_address>
         <size>0x53</size>
         <input_file_ref idref="fl-b"/>
      </object_component>
      <object_component id="oc-5d">
         <name>.debug_line</name>
         <load_address>0x93a</load_address>
         <run_address>0x93a</run_address>
         <size>0x49</size>
         <input_file_ref idref="fl-c"/>
      </object_component>
      <object_component id="oc-62">
         <name>.debug_line</name>
         <load_address>0x983</load_address>
         <run_address>0x983</run_address>
         <size>0x4b</size>
         <input_file_ref idref="fl-d"/>
      </object_component>
      <object_component id="oc-67">
         <name>.debug_line</name>
         <load_address>0x9ce</load_address>
         <run_address>0x9ce</run_address>
         <size>0x9b</size>
         <input_file_ref idref="fl-e"/>
      </object_component>
      <object_component id="oc-6c">
         <name>.debug_line</name>
         <load_address>0xa69</load_address>
         <run_address>0xa69</run_address>
         <size>0x7d</size>
         <input_file_ref idref="fl-f"/>
      </object_component>
      <object_component id="oc-71">
         <name>.debug_line</name>
         <load_address>0xae6</load_address>
         <run_address>0xae6</run_address>
         <size>0x47</size>
         <input_file_ref idref="fl-10"/>
      </object_component>
      <object_component id="oc-76">
         <name>.debug_line</name>
         <load_address>0xb2d</load_address>
         <run_address>0xb2d</run_address>
         <size>0x47</size>
         <input_file_ref idref="fl-11"/>
      </object_component>
      <object_component id="oc-7b">
         <name>.debug_line</name>
         <load_address>0xb74</load_address>
         <run_address>0xb74</run_address>
         <size>0x11c</size>
         <input_file_ref idref="fl-12"/>
      </object_component>
      <object_component id="oc-80">
         <name>.debug_line</name>
         <load_address>0xc90</load_address>
         <run_address>0xc90</run_address>
         <size>0x4c</size>
         <input_file_ref idref="fl-13"/>
      </object_component>
      <object_component id="oc-85">
         <name>.debug_line</name>
         <load_address>0xcdc</load_address>
         <run_address>0xcdc</run_address>
         <size>0x49</size>
         <input_file_ref idref="fl-14"/>
      </object_component>
      <object_component id="oc-8a">
         <name>.debug_line</name>
         <load_address>0xd25</load_address>
         <run_address>0xd25</run_address>
         <size>0x67</size>
         <input_file_ref idref="fl-15"/>
      </object_component>
      <object_component id="oc-8f">
         <name>.debug_line</name>
         <load_address>0xd8c</load_address>
         <run_address>0xd8c</run_address>
         <size>0x5d</size>
         <input_file_ref idref="fl-16"/>
      </object_component>
      <object_component id="oc-b2">
         <name>.debug_line</name>
         <load_address>0xde9</load_address>
         <run_address>0xde9</run_address>
         <size>0x85b</size>
         <input_file_ref idref="fl-18"/>
      </object_component>
      <object_component id="oc-bb">
         <name>.debug_line</name>
         <load_address>0x1644</load_address>
         <run_address>0x1644</run_address>
         <size>0x13b</size>
         <input_file_ref idref="fl-19"/>
      </object_component>
      <object_component id="oc-c3">
         <name>.debug_line</name>
         <load_address>0x177f</load_address>
         <run_address>0x177f</run_address>
         <size>0xdb</size>
         <input_file_ref idref="fl-1a"/>
      </object_component>
      <object_component id="oc-c9">
         <name>.debug_line</name>
         <load_address>0x185a</load_address>
         <run_address>0x185a</run_address>
         <size>0x16d</size>
         <input_file_ref idref="fl-1b"/>
      </object_component>
      <object_component id="oc-ce">
         <name>.debug_line</name>
         <load_address>0x19c7</load_address>
         <run_address>0x19c7</run_address>
         <size>0x7e</size>
         <input_file_ref idref="fl-2c"/>
      </object_component>
      <object_component id="oc-d4">
         <name>.debug_line</name>
         <load_address>0x1a45</load_address>
         <run_address>0x1a45</run_address>
         <size>0x7d</size>
         <input_file_ref idref="fl-2d"/>
      </object_component>
      <object_component id="oc-d9">
         <name>.debug_line</name>
         <load_address>0x1ac2</load_address>
         <run_address>0x1ac2</run_address>
         <size>0x52</size>
         <input_file_ref idref="fl-2e"/>
      </object_component>
      <object_component id="oc-de">
         <name>.debug_line</name>
         <load_address>0x1b14</load_address>
         <run_address>0x1b14</run_address>
         <size>0x8d</size>
         <input_file_ref idref="fl-2f"/>
      </object_component>
      <object_component id="oc-e3">
         <name>.debug_line</name>
         <load_address>0x1ba1</load_address>
         <run_address>0x1ba1</run_address>
         <size>0x60</size>
         <input_file_ref idref="fl-30"/>
      </object_component>
      <object_component id="oc-e8">
[...]
      </symbol>
      <symbol id="sm-232">
         <name>_ScibRegs</name>
         <value>0x7750</value>
         <object_component_ref idref="oc-9a"/>
      </symbol>
      <symbol id="sm-233">
         <name>_ECanaMboxes</name>
         <value>0x6100</value>
         <object_component_ref idref="oc-ac"/>
      </symbol>
      <symbol id="sm-234">
         <name>_ECanaMOTORegs</name>
         <value>0x60c0</value>
         <object_component_ref idref="oc-aa"/>
      </symbol>
      <symbol id="sm-2cd">
         <name>_as608_empty</name>
         <value>0x101055</value>
         <object_component_ref idref="oc-1b2"/>
      </symbol>
      <symbol id="sm-2ce">
         <name>_as608_pin_set</name>
         <value>0x100d67</value>
         <object_component_ref idref="oc-1b2"/>
      </symbol>
      <symbol id="sm-2cf">
         <name>_as608_uart_process</name>
         <value>0x1014aa</value>
         <object_component_ref idref="oc-1b2"/>
      </symbol>
      <symbol id="sm-2d0">
         <name>_as608_press_finger</name>
         <value>0x10135b</value>
         <object_component_ref idref="oc-1b2"/>
      </symbol>
      <symbol id="sm-2d1">
         <name>_as608_search</name>
         <value>0x100e56</value>
         <object_component_ref idref="oc-1b2"/>
      </symbol>
      <symbol id="sm-2d2">
         <name>_as608_hand_shake</name>
         <value>0x101243</value>
         <object_component_ref idref="oc-1b2"/>
      </symbol>
      <symbol id="sm-2d3">
         <name>_as608_store_char</name>
         <value>0x100f8c</value>
         <object_component_ref idref="oc-1b2"/>
      </symbol>
      <symbol id="sm-2d4">
         <name>_as608_get_image</name>
         <value>0x100d7f</value>
         <object_component_ref idref="oc-1b2"/>
      </symbol>
      <symbol id="sm-2d5">
         <name>_as608_add_finger</name>
         <value>0x101270</value>
         <object_component_ref idref="oc-1b2"/>
      </symbol>
      <symbol id="sm-2d6">
         <name>_as608_read_sys_para</name>
         <value>0x1010f1</value>
         <object_component_ref idref="oc-1b2"/>
      </symbol>
      <symbol id="sm-2d7">
         <name>_as608_write_reg</name>
         <value>0x10109a</value>
         <object_component_ref idref="oc-1b2"/>
      </symbol>
      <symbol id="sm-2d8">
         <name>_as608_init</name>
         <value>0x100d5c</value>
         <object_component_ref idref="oc-1b2"/>
      </symbol>
      <symbol id="sm-2d9">
         <name>_as608_send_byte</name>
         <value>0x100d53</value>
         <object_component_ref idref="oc-1b2"/>
      </symbol>
      <symbol id="sm-2da">
         <name>_as608_reset</name>
         <value>0x100d63</value>
         <object_component_ref idref="oc-1b2"/>
      </symbol>
      <symbol id="sm-2db">
         <name>_as608_gen_char</name>
         <value>0x100dc4</value>
         <object_component_ref idref="oc-1b2"/>
      </symbol>
      <symbol id="sm-2dc">
         <name>_as608_send_length</name>
         <value>0x101490</value>
         <object_component_ref idref="oc-1b2"/>
      </symbol>
      <symbol id="sm-2dd">
         <name>_as608_send_cmd</name>
         <value>0x10149a</value>
         <object_component_ref idref="oc-1b2"/>
      </symbol>
      <symbol id="sm-2de">
         <name>_as608_set_addr</name>
         <value>0x10116e</value>
         <object_component_ref idref="oc-1b2"/>
      </symbol>
      <symbol id="sm-2df">
         <name>_as608_send_flag</name>
         <value>0x10148a</value>
         <object_component_ref idref="oc-1b2"/>
      </symbol>
      <symbol id="sm-2e0">
         <name>_as608_high_speed_search</name>
         <value>0x100ec6</value>
         <object_component_ref idref="oc-1b2"/>
      </symbol>
      <symbol id="sm-2e1">
         <name>_as608_ensure_message</name>
         <value>0x1013cf</value>
         <object_component_ref idref="oc-1b2"/>
      </symbol>
      <symbol id="sm-2e2">
         <name>_as608_reg_model</name>
         <value>0x100f47</value>
         <object_component_ref idref="oc-1b2"/>
      </symbol>
      <symbol id="sm-2e3">
         <name>_as608_match</name>
         <value>0x100e11</value>
         <object_component_ref idref="oc-1b2"/>
      </symbol>
      <symbol id="sm-2e4">
         <name>_as608_send_check</name>
         <value>0x1014a0</value>
         <object_component_ref idref="oc-1b2"/>
      </symbol>
      <symbol id="sm-2e5">
         <name>_as608_valid_templete_num</name>
         <value>0x1011e8</value>
         <object_component_ref idref="oc-1b2"/>
      </symbol>
      <symbol id="sm-2e6">
         <name>_as608_send_addr</name>
         <value>0x101476</value>
         <object_component_ref idref="oc-1b2"/>
      </symbol>
      <symbol id="sm-2e7">
         <name>_as608_read_state</name>
         <value>0x100d74</value>
         <object_component_ref idref="oc-1b2"/>
      </symbol>
      <symbol id="sm-2e8">
         <name>_AS608_INIT</name>
         <value>0x100c97</value>
         <object_component_ref idref="oc-1b2"/>
      </symbol>
      <symbol id="sm-2e9">
         <name>_as608_dele_char</name>
         <value>0x100fea</value>
         <object_component_ref idref="oc-1b2"/>
      </symbol>
      <symbol id="sm-2ea">
         <name>_as608_send_head</name>
         <value>0x10146f</value>
         <object_component_ref idref="oc-1b2"/>
      </symbol>
      <symbol id="sm-312">
         <name>_id_flag</name>
         <value>0x102203</value>
         <object_component_ref idref="oc-b7"/>
      </symbol>
      <symbol id="sm-313">
         <name>_main</name>
         <value>0x101662</value>
         <object_component_ref idref="oc-1b4"/>
      </symbol>
      <symbol id="sm-314">
         <name>_as608_p</name>
         <value>0x102204</value>
         <object_component_ref idref="oc-b7"/>
      </symbol>
      <symbol id="sm-315">
         <name>_cpu_timer0_isr</name>
         <value>0x101dfc</value>
         <object_component_ref idref="oc-b8"/>
      </symbol>
      <symbol id="sm-316">
         <name>_Init_Bell</name>
         <value>0x101759</value>
         <object_component_ref idref="oc-1b4"/>
      </symbol>
      <symbol id="sm-317">
         <name>_Delay</name>
         <value>0x101763</value>
         <object_component_ref idref="oc-1b4"/>
      </symbol>
      <symbol id="sm-318">
         <name>_rdata_pointA</name>
         <value>0x102200</value>
         <object_component_ref idref="oc-b7"/>
      </symbol>
      <symbol id="sm-319">
         <name>_rdata_pointB</name>
         <value>0x102201</value>
         <object_component_ref idref="oc-b7"/>
      </symbol>
      <symbol id="sm-31a">
         <name>_as608</name>
         <value>0x102240</value>
         <object_component_ref idref="oc-b7"/>
      </symbol>
      <symbol id="sm-31b">
         <name>_open_flag</name>
         <value>0x102202</value>
         <object_component_ref idref="oc-b7"/>
      </symbol>
      <symbol id="sm-31c">
         <name>_alarm_voice</name>
         <value>0x10177b</value>
         <object_component_ref idref="oc-1b4"/>
      </symbol>
      <symbol id="sm-32f">
         <name>_motor_counter</name>
         <value>0x1022be</value>
         <object_component_ref idref="oc-c0"/>
      </symbol>
      <symbol id="sm-330">
         <name>_motor_set_forward</name>
         <value>0x101de6</value>
         <object_component_ref idref="oc-1b1"/>
      </symbol>
      <symbol id="sm-331">
         <name>_motor_set_stop</name>
         <value>0x101de2</value>
         <object_component_ref idref="oc-1b1"/>
      </symbol>
      <symbol id="sm-332">
         <name>_INIT_MOTOR</name>
         <value>0x101dc1</value>
         <object_component_ref idref="oc-1b1"/>
      </symbol>
      <symbol id="sm-333">
         <name>_motor_set_backward</name>
         <value>0x101df1</value>
         <object_component_ref idref="oc-1b1"/>
      </symbol>
      <symbol id="sm-334">
         <name>_epwm1_isr</name>
         <value>0x101e91</value>
         <object_component_ref idref="oc-c1"/>
      </symbol>
      <symbol id="sm-335">
         <name>_error_count</name>
         <value>0x1022bc</value>
         <object_component_ref idref="oc-c0"/>
      </symbol>
      <symbol id="sm-336">
         <name>_init_eva</name>
         <value>0x101dc6</value>
         <object_component_ref idref="oc-1b1"/>
      </symbol>
      <symbol id="sm-34e">
         <name>_scibRxFifoIsr</name>
         <value>0x101da8</value>
         <object_component_ref idref="oc-c7"/>
      </symbol>
      <symbol id="sm-34f">
         <name>_sciaRxFifoIsr</name>
         <value>0x101d77</value>
         <object_component_ref idref="oc-c7"/>
      </symbol>
      <symbol id="sm-350">
         <name>_SCI_INIT</name>
         <value>0x101afc</value>
         <object_component_ref idref="oc-1b0"/>
      </symbol>
      <symbol id="sm-351">
         <name>_error</name>
         <value>0x101b4d</value>
         <object_component_ref idref="oc-1b0"/>
      </symbol>
      <symbol id="sm-352">
         <name>_scia_xmit</name>
         <value>0x101b0e</value>
         <object_component_ref idref="oc-1b0"/>
      </symbol>
      <symbol id="sm-353">
         <name>_scib_xmit</name>
         <value>0x101b2e</value>
         <object_component_ref idref="oc-1b0"/>
      </symbol>
      <symbol id="sm-354">
         <name>_scia_msg</name>
         <value>0x101b1b</value>
         <object_component_ref idref="oc-1b0"/>
      </symbol>
      <symbol id="sm-355">
         <name>_scia_fifo_init</name>
         <value>0x101b4f</value>
         <object_component_ref idref="oc-1b0"/>
      </symbol>
      <symbol id="sm-356">
         <name>_scib_fifo_init</name>
         <value>0x101b65</value>
         <object_component_ref idref="oc-1b0"/>
      </symbol>
      <symbol id="sm-357">
         <name>_scib_msg</name>
         <value>0x101b3a</value>
         <object_component_ref idref="oc-1b0"/>
      </symbol>
      <symbol id="sm-365">
         <name>_sprintf</name>
         <value>0x101e2e</value>
         <object_component_ref idref="oc-1be"/>
      </symbol>
      <symbol id="sm-380">
         <name>_c_int00</name>
         <value>0x101d23</value>
         <object_component_ref idref="oc-28"/>
      </symbol>
      <symbol id="sm-381">
         <name>__stack</name>
         <value>0x400</value>
         <object_component_ref idref="oc-d1"/>
      </symbol>
      <symbol id="sm-393">
         <name>FS$$CMP</name>
         <value>0x102157</value>
         <object_component_ref idref="oc-d7"/>
      </symbol>
      <symbol id="sm-3a4">
         <name>FS$$MPY</name>
         <value>0x101cc9</value>
         <object_component_ref idref="oc-dc"/>
      </symbol>
      <symbol id="sm-3b7">
         <name>FS$$TOL</name>
         <value>0x101f6a</value>
         <object_component_ref idref="oc-e1"/>
      </symbol>
      <symbol id="sm-3c6">
         <name>I$$TOFS</name>
         <value>0x1020f2</value>
         <object_component_ref idref="oc-e6"/>
      </symbol>
      <symbol id="sm-3d5">
         <name>L$$TOFS</name>
         <value>0x10210c</value>
         <object_component_ref idref="oc-eb"/>
      </symbol>
      <symbol id="sm-3e4">
         <name>_copy_in</name>
         <value>0x101fbb</value>
         <object_component_ref idref="oc-1ac"/>
      </symbol>
      <symbol id="sm-3f5">
         <name>_memcpy</name>
         <value>0x10209d</value>
         <object_component_ref idref="oc-1b3"/>
      </symbol>
      <symbol id="sm-401">
         <name>__system_pre_init</name>
         <value>0x1021fd</value>
         <object_component_ref idref="oc-1ab"/>
      </symbol>
      <symbol id="sm-40e">
         <name>__system_post_cinit</name>
         <value>0x1021ff</value>
         <object_component_ref idref="oc-1ad"/>
      </symbol>
      <symbol id="sm-422">
         <name>C$$EXIT</name>
         <value>0x101f41</value>
         <object_component_ref idref="oc-1af"/>
      </symbol>
      <symbol id="sm-423">
         <name>_exit</name>
         <value>0x101f43</value>
         <object_component_ref idref="oc-1af"/>
      </symbol>
      <symbol id="sm-424">
         <name>___TI_cleanup_ptr</name>
         <value>0x1022da</value>
         <object_component_ref idref="oc-106"/>
      </symbol>
      <symbol id="sm-425">
         <name>___TI_enable_exit_profile_output</name>
         <value>0x1022d8</value>
         <object_component_ref idref="oc-106"/>
      </symbol>
      <symbol id="sm-426">
         <name>_abort</name>
         <value>0x101f41</value>
         <object_component_ref idref="oc-1af"/>
      </symbol>
      <symbol id="sm-427">
         <name>___TI_dtors_ptr</name>
         <value>0x1022dc</value>
         <object_component_ref idref="oc-106"/>
      </symbol>
      <symbol id="sm-43b">
         <name>__unlock</name>
         <value>0x1022e0</value>
         <object_component_ref idref="oc-1c3"/>
      </symbol>
      <symbol id="sm-43c">
         <name>__lock</name>
         <value>0x1022de</value>
         <object_component_ref idref="oc-1b5"/>
      </symbol>
      <symbol id="sm-43d">
         <name>__register_lock</name>
         <value>0x1021c7</value>
         <object_component_ref idref="oc-1bf"/>
      </symbol>
      <symbol id="sm-43e">
         <name>__nop</name>
         <value>0x1021cb</value>
         <object_component_ref idref="oc-1bf"/>
      </symbol>
      <symbol id="sm-43f">
         <name>__register_unlock</name>
         <value>0x1021c3</value>
         <object_component_ref idref="oc-1bf"/>
      </symbol>
      <symbol id="sm-44e">
         <name>__args_main</name>
         <value>0x102126</value>
         <object_component_ref idref="oc-1ae"/>
      </symbol>
      <symbol id="sm-460">
         <name>_strstr</name>
         <value>0x10216e</value>
         <object_component_ref idref="oc-1b8"/>
      </symbol>
      <symbol id="sm-5c1">
         <name>___TI_printfi</name>
         <value>0x100b11</value>
         <object_component_ref idref="oc-1c2"/>
      </symbol>
      <symbol id="sm-5d1">
         <name>FD$$CMP</name>
         <value>0x101eed</value>
         <object_component_ref idref="oc-121"/>
      </symbol>
      <symbol id="sm-5e3">
         <name>FD$$MPY</name>
         <value>0x101b80</value>
         <object_component_ref idref="oc-126"/>
      </symbol>
      <symbol id="sm-5f0">
         <name>FD$$NEG</name>
         <value>0x1021cc</value>
         <object_component_ref idref="oc-12b"/>
      </symbol>
      <symbol id="sm-5fc">
         <name>FD$$SUB</name>
         <value>0x102184</value>
         <object_component_ref idref="oc-130"/>
      </symbol>
      <symbol id="sm-60b">
         <name>FD$$TOI</name>
         <value>0x102002</value>
         <object_component_ref idref="oc-135"/>
      </symbol>
      <symbol id="sm-61a">
         <name>FD$$TOL</name>
         <value>0x102043</value>
         <object_component_ref idref="oc-13a"/>
      </symbol>
      <symbol id="sm-626">
         <name>LL$$AND</name>
         <value>0x10213f</value>
         <object_component_ref idref="oc-13f"/>
      </symbol>
      <symbol id="sm-627">
         <name>LL$$OR</name>
         <value>0x102147</value>
         <object_component_ref idref="oc-13f"/>
      </symbol>
      <symbol id="sm-628">
         <name>LL$$XOR</name>
         <value>0x10214f</value>
         <object_component_ref idref="oc-13f"/>
      </symbol>
      <symbol id="sm-636">
         <name>ULL$$CMP</name>
         <value>0x102074</value>
         <object_component_ref idref="oc-144"/>
      </symbol>
      <symbol id="sm-637">
         <name>LL$$CMP</name>
         <value>0x102062</value>
         <object_component_ref idref="oc-144"/>
      </symbol>
      <symbol id="sm-663">
         <name>ULL$$MOD</name>
         <value>0x101841</value>
         <object_component_ref idref="oc-149"/>
      </symbol>
      <symbol id="sm-664">
         <name>ULL$$DIV</name>
         <value>0x101812</value>
         <object_component_ref idref="oc-149"/>
      </symbol>
      <symbol id="sm-665">
         <name>LL$$MOD</name>
         <value>0x1017d8</value>
         <object_component_ref idref="oc-149"/>
      </symbol>
      <symbol id="sm-666">
         <name>LL$$DIV</name>
         <value>0x10179c</value>
         <object_component_ref idref="oc-149"/>
      </symbol>
      <symbol id="sm-676">
         <name>I$$TOFD</name>
         <value>0x102080</value>
         <object_component_ref idref="oc-14e"/>
      </symbol>
      <symbol id="sm-686">
         <name>L$$TOFD</name>
         <value>0x1020d6</value>
         <object_component_ref idref="oc-153"/>
      </symbol>
      <symbol id="sm-696">
         <name>FS$$TOFD</name>
         <value>0x1020ba</value>
         <object_component_ref idref="oc-158"/>
      </symbol>
      <symbol id="sm-6ad">
         <name>FD$$DIV</name>
         <value>0x1019eb</value>
         <object_component_ref idref="oc-15d"/>
      </symbol>
      <symbol id="sm-6c1">
         <name>_atoi</name>
         <value>0x101e60</value>
         <object_component_ref idref="oc-1c4"/>
      </symbol>
      <symbol id="sm-6c9">
         <name>__ctypes_</name>
         <value>0x3f9582</value>
         <object_component_ref idref="oc-1ce"/>
      </symbol>
      <symbol id="sm-6d7">
         <name>_ltoa</name>
         <value>0x101ebf</value>
         <object_component_ref idref="oc-1c6"/>
      </symbol>
      <symbol id="sm-6e6">
         <name>_memccpy</name>
         <value>0x10219f</value>
         <object_component_ref idref="oc-1cc"/>
      </symbol>
      <symbol id="sm-6f4">
         <name>_memset</name>
         <value>0x1021ac</value>
         <object_component_ref idref="oc-1ca"/>
      </symbol>
      <symbol id="sm-703">
         <name>_strchr</name>
         <value>0x1021b8</value>
         <object_component_ref idref="oc-1c9"/>
      </symbol>
      <symbol id="sm-710">
         <name>_strcpy</name>
         <value>0x1021f5</value>
         <object_component_ref idref="oc-1cb"/>
      </symbol>
      <symbol id="sm-71d">
         <name>_strlen</name>
         <value>0x1021e5</value>
         <object_component_ref idref="oc-1c5"/>
      </symbol>
      <symbol id="sm-72b">
         <name>_wcslen</name>
         <value>0x1021ed</value>
         <object_component_ref idref="oc-1cd"/>
      </symbol>
      <symbol id="sm-73e">
         <name>_frexpl</name>
         <value>0x101c6d</value>
         <object_component_ref idref="oc-1c7"/>
      </symbol>
      <symbol id="sm-75c">
         <name>_scalbnl</name>
         <value>0x1018a3</value>
         <object_component_ref idref="oc-1c8"/>
      </symbol>
      <symbol id="sm-75d">
         <name>_ldexpl</name>
         <value>0x1018a3</value>
         <object_component_ref idref="oc-1c8"/>
      </symbol>
      <symbol id="sm-76a">
         <name>_copysignl</name>
         <value>0x101fdf</value>
         <object_component_ref idref="oc-1cf"/>
      </symbol>
      <symbol id="sm-785">
         <name>FD$$ADD</name>
         <value>0x10194f</value>
         <object_component_ref idref="oc-19d"/>
      </symbol>
      <symbol id="sm-791">
         <name>UL$$MOD</name>
         <value>0x101f3b</value>
         <object_component_ref idref="oc-1a2"/>
      </symbol>
      <symbol id="sm-792">
         <name>L$$MOD</name>
         <value>0x101f26</value>
         <object_component_ref idref="oc-1a2"/>
      </symbol>
      <symbol id="sm-793">
         <name>L$$DIV</name>
         <value>0x101f17</value>
         <object_component_ref idref="oc-1a2"/>
      </symbol>
      <symbol id="sm-794">
         <name>UL$$DIV</name>
         <value>0x101f34</value>
         <object_component_ref idref="oc-1a2"/>
      </symbol>
      <symbol id="sm-79e">
         <name>_errno</name>
         <value>0x1022e2</value>
         <object_component_ref idref="oc-1a9"/>
      </symbol>
   </symbol_table>
   <title>Link successful</title>
</link_info>
